Synthesis report for project T35_FRAMEWORK
Generated at: Aug 28, 2026 10:46:04
Copyright (C) 2013 - 2021 Efinix Inc. All rights reserved.

### ### ### ### ### ### ### ### ### ### ### ### ### ### ###

Top-level Entity Name : T35_TOP
### ### File List (begin) ### ### ###
G:/外触发小板子\T35_FRAMEWORK_V3_241225\T35_FRAMEWORK_V3_241225\T35_FRAMEWORK_V3\SRC\T35_TOP.v
G:/外触发小板子\T35_FRAMEWORK_V3_241225\T35_FRAMEWORK_V3_241225\T35_FRAMEWORK_V3\SRC\I2CSLAVE\registerInterface.v
G:/外触发小板子\T35_FRAMEWORK_V3_241225\T35_FRAMEWORK_V3_241225\T35_FRAMEWORK_V3\SRC\I2CSLAVE\i2cSlave.v
G:/外触发小板子\T35_FRAMEWORK_V3_241225\T35_FRAMEWORK_V3_241225\T35_FRAMEWORK_V3\SRC\I2CSLAVE\i2cSlave_define.v
G:/外触发小板子\T35_FRAMEWORK_V3_241225\T35_FRAMEWORK_V3_241225\T35_FRAMEWORK_V3\SRC\I2CSLAVE\serialInterface.v
G:/外触发小板子\T35_FRAMEWORK_V3_241225\T35_FRAMEWORK_V3_241225\T35_FRAMEWORK_V3\SRC\I2CSLAVE\timescale.v
G:/外触发小板子\T35_FRAMEWORK_V3_241225\T35_FRAMEWORK_V3_241225\T35_FRAMEWORK_V3\SRC\fx3_tx.v
G:/外触发小板子\T35_FRAMEWORK_V3_241225\T35_FRAMEWORK_V3_241225\T35_FRAMEWORK_V3\SRC\mipicsi_rxctrl.v
G:/外触发小板子\T35_FRAMEWORK_V3_241225\T35_FRAMEWORK_V3_241225\T35_FRAMEWORK_V3\SRC\ddrorbypass.v
G:/外触发小板子\T35_FRAMEWORK_V3_241225\T35_FRAMEWORK_V3_241225\T35_FRAMEWORK_V3\SRC\FLASH\flash_ctrl.v
G:/外触发小板子\T35_FRAMEWORK_V3_241225\T35_FRAMEWORK_V3_241225\T35_FRAMEWORK_V3\SRC\fpga_info.v
G:/外触发小板子\T35_FRAMEWORK_V3_241225\T35_FRAMEWORK_V3_241225\T35_FRAMEWORK_V3\SRC\data_process.v
G:/外触发小板子\T35_FRAMEWORK_V3_241225\T35_FRAMEWORK_V3_241225\T35_FRAMEWORK_V3\SRC\unsigned_reg_mult.v
G:/外触发小板子\T35_FRAMEWORK_V3_241225\T35_FRAMEWORK_V3_241225\T35_FRAMEWORK_V3\SRC\DDR3\Ddr3Mig_Top.v
G:/外触发小板子\T35_FRAMEWORK_V3_241225\T35_FRAMEWORK_V3_241225\T35_FRAMEWORK_V3\SRC\DDR3\ddr3_state.v
G:/外触发小板子\T35_FRAMEWORK_V3_241225\T35_FRAMEWORK_V3_241225\T35_FRAMEWORK_V3\SRC\watchdogs.v
G:/外触发小板子\T35_FRAMEWORK_V3_241225\T35_FRAMEWORK_V3_241225\T35_FRAMEWORK_V3\SRC\MuxGpio_SignalSwitch.v
G:/外触发小板子\T35_FRAMEWORK_V3_241225\T35_FRAMEWORK_V3_241225\T35_FRAMEWORK_V3\SRC\gps_decoder.v
G:/外触发小板子\T35_FRAMEWORK_V3_241225\T35_FRAMEWORK_V3_241225\T35_FRAMEWORK_V3\SRC\MasterSlaveControl\CmosControl.v
G:/外触发小板子\T35_FRAMEWORK_V3_241225\T35_FRAMEWORK_V3_241225\T35_FRAMEWORK_V3\SRC\MasterSlaveControl\Trigin_set.v
G:/外触发小板子\T35_FRAMEWORK_V3_241225\T35_FRAMEWORK_V3_241225\T35_FRAMEWORK_V3\SRC\MasterSlaveControl\Trigout_set.v
G:/外触发小板子\T35_FRAMEWORK_V3_241225\T35_FRAMEWORK_V3_241225\T35_FRAMEWORK_V3\SRC\MasterSlaveControl\SlaveControl_2022.v
G:/外触发小板子\T35_FRAMEWORK_V3_241225\T35_FRAMEWORK_V3_241225\T35_FRAMEWORK_V3\SRC\MasterSlaveControl\CmosCtrl_Switch.v
G:/外触发小板子\T35_FRAMEWORK_V3_241225\T35_FRAMEWORK_V3_241225\T35_FRAMEWORK_V3\SRC\test\fx3testdata.v
G:/外触发小板子\T35_FRAMEWORK_V3_241225\T35_FRAMEWORK_V3_241225\T35_FRAMEWORK_V3\SRC\LED_state.v
G:\外触发小板子\T35_FRAMEWORK_V3_241225\T35_FRAMEWORK_V3_241225\T35_FRAMEWORK_V3\ip/fx3tx_fifo\fx3tx_fifo.v
G:\外触发小板子\T35_FRAMEWORK_V3_241225\T35_FRAMEWORK_V3_241225\T35_FRAMEWORK_V3\ip/asmi_flash_ctl\asmi_flash_ctl.v
G:\外触发小板子\T35_FRAMEWORK_V3_241225\T35_FRAMEWORK_V3_241225\T35_FRAMEWORK_V3\ip/ddr3_calibration\ddr3_calibration.v
G:\外触发小板子\T35_FRAMEWORK_V3_241225\T35_FRAMEWORK_V3_241225\T35_FRAMEWORK_V3\ip/ddr_reset_control\ddr_reset_control.v
G:\外触发小板子\T35_FRAMEWORK_V3_241225\T35_FRAMEWORK_V3_241225\T35_FRAMEWORK_V3\ip/wrddr3_fifo\wrddr3_fifo.v
G:\外触发小板子\T35_FRAMEWORK_V3_241225\T35_FRAMEWORK_V3_241225\T35_FRAMEWORK_V3\ip/rdddr3_fifo\rdddr3_fifo.v
G:\外触发小板子\T35_FRAMEWORK_V3_241225\T35_FRAMEWORK_V3_241225\T35_FRAMEWORK_V3\ip/GPS_FIFO\GPS_FIFO.v
### ### File List (end) ### ### ###

### ### Pre-optimizations and mapping (begin) ### ### ###
"MEM|SYN-0677" : Zero initialization of uninitialized memory block 'ram'. (G:\外触发小板子\T35_FRAMEWORK_V3_241225\T35_FRAMEWORK_V3_241225\T35_FRAMEWORK_V3\ip/wrddr3_fifo\wrddr3_fifo.v:694)
"MEM|SYN-0677" : Zero initialization of uninitialized memory block 'ram'. (G:\外触发小板子\T35_FRAMEWORK_V3_241225\T35_FRAMEWORK_V3_241225\T35_FRAMEWORK_V3\ip/rdddr3_fifo\rdddr3_fifo.v:694)
"MEM|SYN-0677" : Zero initialization of uninitialized memory block 'ram'. (G:\外触发小板子\T35_FRAMEWORK_V3_241225\T35_FRAMEWORK_V3_241225\T35_FRAMEWORK_V3\ip/fx3tx_fifo\fx3tx_fifo.v:694)
"MEM|SYN-0677" : Zero initialization of uninitialized memory block 'ram'. (G:\外触发小板子\T35_FRAMEWORK_V3_241225\T35_FRAMEWORK_V3_241225\T35_FRAMEWORK_V3\ip/GPS_FIFO\GPS_FIFO.v:694)
"MEM|SYN-0677" : Zero initialization of uninitialized memory block 'ram'. (G:\外触发小板子\T35_FRAMEWORK_V3_241225\T35_FRAMEWORK_V3_241225\T35_FRAMEWORK_V3\ip/asmi_flash_ctl\asmi_flash_ctl.v:2981)
FF|OPT : Flip-flop optimization by equivalence checking
@ "G:\外触发小板子\T35_FRAMEWORK_V3_241225\T35_FRAMEWORK_V3_241225\T35_FRAMEWORK_V3\ip/asmi_flash_ctl\asmi_flash_ctl.v (630)" removed instance : flash_ctrl_inst/asmi_flash_ctl_inst/u_efx_flash_controller_top/u_wfifo/genblk1.inst_dual_clock_fifo/dff_74/i8
@ "G:\外触发小板子\T35_FRAMEWORK_V3_241225\T35_FRAMEWORK_V3_241225\T35_FRAMEWORK_V3\ip/asmi_flash_ctl\asmi_flash_ctl.v (630)" representative instance : flash_ctrl_inst/asmi_flash_ctl_inst/u_efx_flash_controller_top/u_wfifo/genblk1.inst_dual_clock_fifo/dff_72/i8
FF|OPT : Flip-flop optimization by equivalence checking
@ "G:\外触发小板子\T35_FRAMEWORK_V3_241225\T35_FRAMEWORK_V3_241225\T35_FRAMEWORK_V3\ip/asmi_flash_ctl\asmi_flash_ctl.v (630)" removed instance : flash_ctrl_inst/asmi_flash_ctl_inst/u_efx_flash_controller_top/u_wfifo/genblk1.inst_dual_clock_fifo/i74
@ "G:\外触发小板子\T35_FRAMEWORK_V3_241225\T35_FRAMEWORK_V3_241225\T35_FRAMEWORK_V3\ip/asmi_flash_ctl\asmi_flash_ctl.v (630)" representative instance : flash_ctrl_inst/asmi_flash_ctl_inst/u_efx_flash_controller_top/u_wfifo/genblk1.inst_dual_clock_fifo/dff_72/i9
FF|OPT : Flip-flop optimization by equivalence checking
@ "G:\外触发小板子\T35_FRAMEWORK_V3_241225\T35_FRAMEWORK_V3_241225\T35_FRAMEWORK_V3\ip/asmi_flash_ctl\asmi_flash_ctl.v (568)" removed instance : flash_ctrl_inst/asmi_flash_ctl_inst/u_efx_flash_controller_top/u_wfifo/genblk1.inst_dual_clock_fifo/dff_44/i8
@ "G:\外触发小板子\T35_FRAMEWORK_V3_241225\T35_FRAMEWORK_V3_241225\T35_FRAMEWORK_V3\ip/asmi_flash_ctl\asmi_flash_ctl.v (568)" representative instance : flash_ctrl_inst/asmi_flash_ctl_inst/u_efx_flash_controller_top/u_wfifo/genblk1.inst_dual_clock_fifo/dff_42/i8
FF|OPT : Flip-flop optimization by equivalence checking
@ "G:\外触发小板子\T35_FRAMEWORK_V3_241225\T35_FRAMEWORK_V3_241225\T35_FRAMEWORK_V3\ip/asmi_flash_ctl\asmi_flash_ctl.v (568)" removed instance : flash_ctrl_inst/asmi_flash_ctl_inst/u_efx_flash_controller_top/u_wfifo/genblk1.inst_dual_clock_fifo/i44
@ "G:\外触发小板子\T35_FRAMEWORK_V3_241225\T35_FRAMEWORK_V3_241225\T35_FRAMEWORK_V3\ip/asmi_flash_ctl\asmi_flash_ctl.v (568)" representative instance : flash_ctrl_inst/asmi_flash_ctl_inst/u_efx_flash_controller_top/u_wfifo/genblk1.inst_dual_clock_fifo/dff_42/i9

Mapping success.
### ### Mapping (end) ### ### ###

### ### Post-optimizations and re-synthesis (begin) ### ### ###

Post-optimizations and re-synthesis success.
### ### Post-optimizations and re-synthesis (end) ### ### ###

### ### EFX_FF CE enables (begin) ### ### ###
Total number of enable signals: 222
Enable signal <init_rstn_cnt[2]_2>, number of controlling flip flops: 3
Enable signal <CmosControl_inst/SlaveControl_2022_inst/equal_32/n63>, number of controlling flip flops: 32
Enable signal <CmosControl_inst/SlaveControl_2022_inst/n571>, number of controlling flip flops: 32
Enable signal <CmosControl_inst/SlaveControl_2022_inst/n895>, number of controlling flip flops: 32
Enable signal <CmosControl_inst/SlaveControl_2022_inst/n889>, number of controlling flip flops: 1
Enable signal <CmosControl_inst/Trigout_set_inst/n57>, number of controlling flip flops: 1
Enable signal <CmosControl_inst/Trigin_set_inst/posedge_plus>, number of controlling flip flops: 1
Enable signal <mipicsi_rxctrl_inst/n31>, number of controlling flip flops: 8
Enable signal <mipi_line_ed_2>, number of controlling flip flops: 15
Enable signal <mipicsi_rxctrl_inst/n126>, number of controlling flip flops: 1
Enable signal <mipicsi_rxctrl_inst/n136>, number of controlling flip flops: 1
Enable signal <mipi_line_st_2>, number of controlling flip flops: 18
Enable signal <mipicsi_rxctrl_inst/mipi_rxvld_2>, number of controlling flip flops: 42
Enable signal <frame_ed_2>, number of controlling flip flops: 16
Enable signal <mipicsi_rxctrl_inst/flag_1s>, number of controlling flip flops: 11
Enable signal <ceg_net203>, number of controlling flip flops: 62
Enable signal <data_process_inst/frame_stt1_2>, number of controlling flip flops: 32
Enable signal <data_process_inst/n2661>, number of controlling flip flops: 1
Enable signal <data_process_inst/mipi_rxvld_t2_2>, number of controlling flip flops: 65
Enable signal <frame_st_2>, number of controlling flip flops: 32
Enable signal <data_process_inst/n1669>, number of controlling flip flops: 5
Enable signal <data_process_inst/n1931>, number of controlling flip flops: 1
Enable signal <data_process_inst/n1946>, number of controlling flip flops: 32
Enable signal <data_process_inst/n1906>, number of controlling flip flops: 1
Enable signal <ceg_net228>, number of controlling flip flops: 1
Enable signal <Ddr3Mig_Top_inst/u_ddr_reset_control/u_ddr_reset_sequencer/n15>, number of controlling flip flops: 19
Enable signal <Ddr3Mig_Top_inst/u_ddr_reset_control/u_ddr_reset_sequencer/equal_21/n3>, number of controlling flip flops: 1
Enable signal <Ddr3Mig_Top_inst/ddr3_state_inst/reset_done_t1_2>, number of controlling flip flops: 1
Enable signal <Ddr3Mig_Top_inst/ddr3_state_inst/n102>, number of controlling flip flops: 1
Enable signal <Ddr3Mig_Top_inst/ddr3_state_inst/n2397>, number of controlling flip flops: 1
Enable signal <Ddr3Mig_Top_inst/ddr3_state_inst/n2398>, number of controlling flip flops: 1
Enable signal <Ddr3Mig_Top_inst/ddr3_state_inst/n2399>, number of controlling flip flops: 1
Enable signal <Ddr3Mig_Top_inst/ddr3_state_inst/n259>, number of controlling flip flops: 1
Enable signal <Ddr3Mig_Top_inst/ddr3_state_inst/n122>, number of controlling flip flops: 22
Enable signal <Ddr3Mig_Top_inst/ddr3_state_inst/wrfifo_rden>, number of controlling flip flops: 10
Enable signal <Ddr3Mig_Top_inst/ddr3_state_inst/n838>, number of controlling flip flops: 1
Enable signal <Ddr3Mig_Top_inst/ddr3_state_inst/n885>, number of controlling flip flops: 1
Enable signal <Ddr3Mig_Top_inst/ddr3_state_inst/n899>, number of controlling flip flops: 1
Enable signal <DDR_CTRL_WREADY_0>, number of controlling flip flops: 64
Enable signal <Ddr3Mig_Top_inst/ddr3_state_inst/n1593>, number of controlling flip flops: 1
Enable signal <DDR_CTRL_RVALID_0>, number of controlling flip flops: 1
Enable signal <Ddr3Mig_Top_inst/ddr3_state_inst/check_err_2>, number of controlling flip flops: 1
Enable signal <Ddr3Mig_Top_inst/ddr3_state_inst/n481>, number of controlling flip flops: 49
Enable signal <Ddr3Mig_Top_inst/ddr3_state_inst/n3372>, number of controlling flip flops: 64
Enable signal <Ddr3Mig_Top_inst/ddr3_state_inst/n1311>, number of controlling flip flops: 49
Enable signal <Ddr3Mig_Top_inst/ddr3_state_inst/u_wrddr3_fifo/u_efx_fifo_top/wr_en_int>, number of controlling flip flops: 10
Enable signal <Ddr3Mig_Top_inst/ddr3_state_inst/u_wrddr3_fifo/u_efx_fifo_top/rd_en_int>, number of controlling flip flops: 9
Enable signal <Ddr3Mig_Top_inst/ddr3_state_inst/u_rdddr3_fifo/u_efx_fifo_top/wr_en_int>, number of controlling flip flops: 9
Enable signal <Ddr3Mig_Top_inst/ddr3_state_inst/u_rdddr3_fifo/u_efx_fifo_top/rd_en_int>, number of controlling flip flops: 10
Enable signal <fx3_tx_inst/u_fx3tx_fifo/u_efx_fifo_top/rd_en_int>, number of controlling flip flops: 12
Enable signal <fx3_tx_inst/n113>, number of controlling flip flops: 33
Enable signal <fx3_ctl12>, number of controlling flip flops: 13
Enable signal <fx3_tx_inst/u_fx3tx_fifo/u_efx_fifo_top/wr_en_int>, number of controlling flip flops: 10
Enable signal <gps_decoder_inst/read_enable_2>, number of controlling flip flops: 37
Enable signal <gps_decoder_inst/n82>, number of controlling flip flops: 1
Enable signal <ceg_net428>, number of controlling flip flops: 4
Enable signal <gps_decoder_inst/n3703>, number of controlling flip flops: 32
Enable signal <gps_decoder_inst/n4327>, number of controlling flip flops: 32
Enable signal <gps_decoder_inst/n3858>, number of controlling flip flops: 32
Enable signal <gps_decoder_inst/n4013>, number of controlling flip flops: 32
Enable signal <gps_decoder_inst/n4106>, number of controlling flip flops: 32
Enable signal <gps_decoder_inst/n4340>, number of controlling flip flops: 32
Enable signal <gps_decoder_inst/n4186>, number of controlling flip flops: 32
Enable signal <gps_decoder_inst/n4345>, number of controlling flip flops: 32
Enable signal <gps_decoder_inst/n3145>, number of controlling flip flops: 32
Enable signal <gps_decoder_inst/u_GPS_FIFO/full_o>, number of controlling flip flops: 8
Enable signal <gps_decoder_inst/gps_fifo_empty>, number of controlling flip flops: 8
Enable signal <asmi_dovalid>, number of controlling flip flops: 9
Enable signal <ceg_net432>, number of controlling flip flops: 1
Enable signal <ceg_net437>, number of controlling flip flops: 1
Enable signal <flash_ctrl_inst/shift_bytes_2>, number of controlling flip flops: 9
Enable signal <flash_ctrl_inst/equal_74/n17>, number of controlling flip flops: 1
Enable signal <flash_ctrl_inst/asmi_flash_ctl_inst/u_efx_flash_controller_top/u_efx_spi_shifter/equal_20/n8>, number of controlling flip flops: 1
Enable signal <ceg_net4899>, number of controlling flip flops: 1
Enable signal <ceg_net4916>, number of controlling flip flops: 1
Enable signal <flash_ctrl_inst/asmi_flash_ctl_inst/u_efx_flash_controller_top/u_efx_spi_shifter/n9888>, number of controlling flip flops: 7
Enable signal <ceg_net4928>, number of controlling flip flops: 1
Enable signal <ceg_net4940>, number of controlling flip flops: 1
Enable signal <ceg_net3825>, number of controlling flip flops: 8
Enable signal <ceg_net5165>, number of controlling flip flops: 24
Enable signal <flash_ctrl_inst/asmi_flash_ctl_inst/u_efx_flash_controller_top/u_efx_spi_shifter/not_equal_9/n9>, number of controlling flip flops: 8
Enable signal <ceg_net5221>, number of controlling flip flops: 8
Enable signal <ceg_net5233>, number of controlling flip flops: 5
Enable signal <ceg_net4974>, number of controlling flip flops: 1
Enable signal <ceg_net3742>, number of controlling flip flops: 1
Enable signal <ceg_net3747>, number of controlling flip flops: 1
Enable signal <ceg_net3753>, number of controlling flip flops: 12
Enable signal <ceg_net4986>, number of controlling flip flops: 12
Enable signal <ceg_net5425>, number of controlling flip flops: 2
Enable signal <ceg_net3083>, number of controlling flip flops: 8
Enable signal <ceg_net2260>, number of controlling flip flops: 1
Enable signal <ceg_net5482>, number of controlling flip flops: 4
Enable signal <ceg_net5493>, number of controlling flip flops: 8
Enable signal <flash_ctrl_inst/asmi_flash_ctl_inst/u_efx_flash_controller_top/u_efx_spi_shifter/sclk_reg_pos>, number of controlling flip flops: 1
Enable signal <flash_ctrl_inst/asmi_flash_ctl_inst/u_efx_flash_controller_top/u_efx_spi_shifter/n8036>, number of controlling flip flops: 1
Enable signal <ceg_net2552>, number of controlling flip flops: 16
Enable signal <ceg_net2185>, number of controlling flip flops: 3
Enable signal <ceg_net5464>, number of controlling flip flops: 4
Enable signal <flash_ctrl_inst/asmi_flash_ctl_inst/u_efx_flash_controller_top/u_wfifo/genblk1.inst_dual_clock_fifo/w_we>, number of controlling flip flops: 16
Enable signal <flash_ctrl_inst/asmi_flash_ctl_inst/u_efx_flash_controller_top/u_wfifo/genblk1.inst_dual_clock_fifo/r_we_1P_2>, number of controlling flip flops: 8
Enable signal <flash_ctrl_inst/asmi_flash_ctl_inst/u_efx_flash_controller_top/u_wfifo/genblk1.inst_dual_clock_fifo/w_re>, number of controlling flip flops: 16
Enable signal <flash_ctrl_inst/asmi_flash_ctl_inst/u_efx_flash_controller_top/u_wfifo/genblk1.inst_dual_clock_fifo/r_re_1P_2>, number of controlling flip flops: 9
Enable signal <ceg_net1672>, number of controlling flip flops: 5
Enable signal <flash_ctrl_inst/asmi_flash_ctl_inst/u_efx_flash_controller_top/fifo_we>, number of controlling flip flops: 9
Enable signal <flash_ctrl_inst/asmi_flash_ctl_inst/u_efx_flash_controller_top/u_efx_command_ctl/n439>, number of controlling flip flops: 9
Enable signal <ceg_net3259>, number of controlling flip flops: 1
Enable signal <ceg_net4682>, number of controlling flip flops: 1
Enable signal <flash_ctrl_inst/asmi_flash_ctl_inst/u_efx_flash_controller_top/u_efx_command_ctl/n1302>, number of controlling flip flops: 1
Enable signal <ceg_net1693>, number of controlling flip flops: 1
Enable signal <ceg_net4696>, number of controlling flip flops: 1
Enable signal <ceg_net4705>, number of controlling flip flops: 1
Enable signal <watchdogs_INST/n333>, number of controlling flip flops: 8
Enable signal <watchdogs_INST/n260>, number of controlling flip flops: 1
Enable signal <LED_state_inst/long_cnt_s[26]_2>, number of controlling flip flops: 27
Enable signal <i2cSlave0_inst/n44>, number of controlling flip flops: 1
Enable signal <i2cSlave0_inst/n38>, number of controlling flip flops: 1
Enable signal <ceg_net1830>, number of controlling flip flops: 2
Enable signal <i2cSlave0_inst/u_registerInterface/n3616>, number of controlling flip flops: 8
Enable signal <i2cSlave0_inst/u_registerInterface/n14321>, number of controlling flip flops: 8
Enable signal <i2cSlave0_inst/u_registerInterface/n14384>, number of controlling flip flops: 8
Enable signal <i2cSlave0_inst/u_registerInterface/n14440>, number of controlling flip flops: 8
Enable signal <i2cSlave0_inst/u_registerInterface/n14482>, number of controlling flip flops: 8
Enable signal <i2cSlave0_inst/u_registerInterface/n14538>, number of controlling flip flops: 8
Enable signal <i2cSlave0_inst/u_registerInterface/n14580>, number of controlling flip flops: 8
Enable signal <i2cSlave0_inst/u_registerInterface/n14615>, number of controlling flip flops: 8
Enable signal <i2cSlave0_inst/u_registerInterface/n14636>, number of controlling flip flops: 8
Enable signal <i2cSlave0_inst/u_registerInterface/n14671>, number of controlling flip flops: 8
Enable signal <i2cSlave0_inst/u_registerInterface/n14713>, number of controlling flip flops: 8
Enable signal <i2cSlave0_inst/u_registerInterface/n14748>, number of controlling flip flops: 8
Enable signal <i2cSlave0_inst/u_registerInterface/n14790>, number of controlling flip flops: 8
Enable signal <i2cSlave0_inst/u_registerInterface/n14846>, number of controlling flip flops: 8
Enable signal <i2cSlave0_inst/u_registerInterface/n14888>, number of controlling flip flops: 2
Enable signal <i2cSlave0_inst/u_registerInterface/n14944>, number of controlling flip flops: 8
Enable signal <i2cSlave0_inst/u_registerInterface/n13054>, number of controlling flip flops: 1
Enable signal <i2cSlave0_inst/u_registerInterface/n14986>, number of controlling flip flops: 8
Enable signal <i2cSlave0_inst/u_registerInterface/n15042>, number of controlling flip flops: 8
Enable signal <i2cSlave0_inst/u_registerInterface/n15063>, number of controlling flip flops: 2
Enable signal <i2cSlave0_inst/u_registerInterface/n15084>, number of controlling flip flops: 8
Enable signal <i2cSlave0_inst/u_registerInterface/n13059>, number of controlling flip flops: 1
Enable signal <i2cSlave0_inst/u_registerInterface/n13070>, number of controlling flip flops: 1
Enable signal <i2cSlave0_inst/u_registerInterface/n13095>, number of controlling flip flops: 1
Enable signal <i2cSlave0_inst/u_registerInterface/n15126>, number of controlling flip flops: 2
Enable signal <i2cSlave0_inst/u_registerInterface/n15161>, number of controlling flip flops: 2
Enable signal <i2cSlave0_inst/u_registerInterface/n13122>, number of controlling flip flops: 1
Enable signal <i2cSlave0_inst/u_registerInterface/n13128>, number of controlling flip flops: 1
Enable signal <i2cSlave0_inst/u_registerInterface/n13133>, number of controlling flip flops: 1
Enable signal <i2cSlave0_inst/u_registerInterface/n13147>, number of controlling flip flops: 1
Enable signal <i2cSlave0_inst/u_registerInterface/n15322>, number of controlling flip flops: 8
Enable signal <i2cSlave0_inst/u_registerInterface/n15378>, number of controlling flip flops: 8
Enable signal <i2cSlave0_inst/u_registerInterface/n15441>, number of controlling flip flops: 8
Enable signal <i2cSlave0_inst/u_registerInterface/n13165>, number of controlling flip flops: 1
Enable signal <i2cSlave0_inst/u_registerInterface/n13201>, number of controlling flip flops: 1
Enable signal <i2cSlave0_inst/u_registerInterface/n15812>, number of controlling flip flops: 3
Enable signal <i2cSlave0_inst/u_registerInterface/n16162>, number of controlling flip flops: 5
Enable signal <i2cSlave0_inst/u_registerInterface/n16197>, number of controlling flip flops: 8
Enable signal <i2cSlave0_inst/u_registerInterface/n16239>, number of controlling flip flops: 8
Enable signal <i2cSlave0_inst/u_registerInterface/n13267>, number of controlling flip flops: 1
Enable signal <i2cSlave0_inst/u_registerInterface/n16428>, number of controlling flip flops: 8
Enable signal <i2cSlave0_inst/u_registerInterface/n13272>, number of controlling flip flops: 1
Enable signal <i2cSlave0_inst/u_registerInterface/n13275>, number of controlling flip flops: 1
Enable signal <i2cSlave0_inst/u_registerInterface/n16505>, number of controlling flip flops: 1
Enable signal <i2cSlave0_inst/u_registerInterface/n16561>, number of controlling flip flops: 2
Enable signal <i2cSlave0_inst/u_registerInterface/n16603>, number of controlling flip flops: 8
Enable signal <i2cSlave0_inst/u_registerInterface/n16638>, number of controlling flip flops: 8
Enable signal <i2cSlave0_inst/u_registerInterface/n16680>, number of controlling flip flops: 8
Enable signal <i2cSlave0_inst/u_registerInterface/n16722>, number of controlling flip flops: 8
Enable signal <i2cSlave0_inst/u_registerInterface/n13280>, number of controlling flip flops: 1
Enable signal <i2cSlave0_inst/u_registerInterface/n16778>, number of controlling flip flops: 8
Enable signal <i2cSlave0_inst/u_registerInterface/n16820>, number of controlling flip flops: 8
Enable signal <i2cSlave0_inst/u_registerInterface/n16876>, number of controlling flip flops: 8
Enable signal <i2cSlave0_inst/u_registerInterface/n16939>, number of controlling flip flops: 8
Enable signal <i2cSlave0_inst/u_registerInterface/n16995>, number of controlling flip flops: 8
Enable signal <i2cSlave0_inst/u_registerInterface/n17037>, number of controlling flip flops: 4
Enable signal <i2cSlave0_inst/u_registerInterface/n17072>, number of controlling flip flops: 8
Enable signal <i2cSlave0_inst/u_registerInterface/n13286>, number of controlling flip flops: 1
Enable signal <i2cSlave0_inst/u_registerInterface/n13291>, number of controlling flip flops: 1
Enable signal <i2cSlave0_inst/u_registerInterface/n18376>, number of controlling flip flops: 8
Enable signal <i2cSlave0_inst/u_registerInterface/n17275>, number of controlling flip flops: 8
Enable signal <i2cSlave0_inst/u_registerInterface/n13300>, number of controlling flip flops: 1
Enable signal <i2cSlave0_inst/u_registerInterface/n17296>, number of controlling flip flops: 8
Enable signal <i2cSlave0_inst/u_registerInterface/n17331>, number of controlling flip flops: 8
Enable signal <i2cSlave0_inst/u_registerInterface/n17373>, number of controlling flip flops: 8
Enable signal <i2cSlave0_inst/u_registerInterface/n17408>, number of controlling flip flops: 8
Enable signal <i2cSlave0_inst/u_registerInterface/n17429>, number of controlling flip flops: 8
Enable signal <i2cSlave0_inst/u_registerInterface/n17464>, number of controlling flip flops: 8
Enable signal <i2cSlave0_inst/u_registerInterface/n17506>, number of controlling flip flops: 8
Enable signal <i2cSlave0_inst/u_registerInterface/n17562>, number of controlling flip flops: 8
Enable signal <i2cSlave0_inst/u_registerInterface/n17604>, number of controlling flip flops: 8
Enable signal <i2cSlave0_inst/u_registerInterface/n17639>, number of controlling flip flops: 8
Enable signal <i2cSlave0_inst/u_registerInterface/n17681>, number of controlling flip flops: 8
Enable signal <i2cSlave0_inst/u_registerInterface/n17716>, number of controlling flip flops: 8
Enable signal <i2cSlave0_inst/u_registerInterface/n17737>, number of controlling flip flops: 8
Enable signal <i2cSlave0_inst/u_registerInterface/n17751>, number of controlling flip flops: 8
Enable signal <i2cSlave0_inst/u_registerInterface/n17772>, number of controlling flip flops: 8
Enable signal <i2cSlave0_inst/u_registerInterface/n17807>, number of controlling flip flops: 8
Enable signal <i2cSlave0_inst/u_registerInterface/n17828>, number of controlling flip flops: 8
Enable signal <i2cSlave0_inst/u_registerInterface/n17905>, number of controlling flip flops: 8
Enable signal <i2cSlave0_inst/u_registerInterface/n17940>, number of controlling flip flops: 8
Enable signal <i2cSlave0_inst/u_registerInterface/n18478>, number of controlling flip flops: 2
Enable signal <i2cSlave0_inst/u_registerInterface/n13303>, number of controlling flip flops: 1
Enable signal <i2cSlave0_inst/u_registerInterface/n13305>, number of controlling flip flops: 1
Enable signal <i2cSlave0_inst/u_registerInterface/n13308>, number of controlling flip flops: 1
Enable signal <i2cSlave0_inst/u_registerInterface/n13313>, number of controlling flip flops: 1
Enable signal <i2cSlave0_inst/u_registerInterface/n13316>, number of controlling flip flops: 1
Enable signal <i2cSlave0_inst/u_registerInterface/n13318>, number of controlling flip flops: 1
Enable signal <i2cSlave0_inst/u_registerInterface/n13049>, number of controlling flip flops: 1
Enable signal <i2cSlave0_inst/u_registerInterface/n16274>, number of controlling flip flops: 1
Enable signal <i2cSlave0_inst/u_registerInterface/n16295>, number of controlling flip flops: 4
Enable signal <ceg_net5667>, number of controlling flip flops: 1
Enable signal <ceg_net3381>, number of controlling flip flops: 8
Enable signal <ceg_net4726>, number of controlling flip flops: 1
Enable signal <ceg_net4771>, number of controlling flip flops: 2
Enable signal <ceg_net4736>, number of controlling flip flops: 1
Enable signal <ceg_net3511>, number of controlling flip flops: 8
Enable signal <ceg_net5739>, number of controlling flip flops: 8
Enable signal <ceg_net5683>, number of controlling flip flops: 1
Enable signal <ceg_net4858>, number of controlling flip flops: 8
Enable signal <ceg_net4766>, number of controlling flip flops: 1
Enable signal <ceg_net5748>, number of controlling flip flops: 2
Enable signal <ceg_net5766>, number of controlling flip flops: 1
Enable signal <ceg_net3622>, number of controlling flip flops: 1
Enable signal <ceg_net3631>, number of controlling flip flops: 1
### ### EFX_FF CE enables (end) ### ### ###

### ### EFX_FF SR set/reset (begin) ### ### ###
Total number of enable signals: 83
SR signal <CmosControl_inst/SlaveControl_2022_inst/n1764>, number of controlling flip flops: 32
SR signal <CmosControl_inst/SlaveControl_2022_inst/rst_D1_2>, number of controlling flip flops: 67
SR signal <CmosControl_inst/SlaveControl_2022_inst/n1768>, number of controlling flip flops: 1
SR signal <ampv_enable>, number of controlling flip flops: 1
SR signal <CmosControl_inst/XtrigLast_2>, number of controlling flip flops: 40
SR signal <CmosControl_inst/SlaveControl_2022_inst/n889>, number of controlling flip flops: 4
SR signal <optic_trigout>, number of controlling flip flops: 12
SR signal <CmosControl_inst/Trigout_set_inst/trigout_mux>, number of controlling flip flops: 1
SR signal <CmosControl_inst/Trigout_set_inst/n7>, number of controlling flip flops: 1
SR signal <CmosControl_inst/Trigin_set_inst/n24>, number of controlling flip flops: 1
SR signal <CmosControl_inst/Trigin_set_inst/trig_in_flag_2>, number of controlling flip flops: 24
SR signal <CmosControl_inst/Trigin_set_inst/n7>, number of controlling flip flops: 1
SR signal <CmosControl_inst/CmosCtrl_Switch_inst/equal_5/n5>, number of controlling flip flops: 2
SR signal <CmosControl_inst/CmosCtrl_Switch_inst/n20>, number of controlling flip flops: 1
SR signal <CmosControl_inst/CmosCtrl_Switch_inst/reduce_nor_8/n2>, number of controlling flip flops: 1
SR signal <mipicsi_rxctrl_inst/n30>, number of controlling flip flops: 8
SR signal <mipicsi_rxctrl_inst/n23>, number of controlling flip flops: 1
SR signal <mipicsi_rxctrl_inst/n119>, number of controlling flip flops: 1
SR signal <mipicsi_rxctrl_inst/n133>, number of controlling flip flops: 1
SR signal <mipicsi_rxctrl_inst/n287>, number of controlling flip flops: 1
SR signal <frame_ed_2>, number of controlling flip flops: 16
SR signal <mipi_line_ed_2>, number of controlling flip flops: 14
SR signal <mipicsi_rxctrl_inst/flag_1s>, number of controlling flip flops: 55
SR signal <mipicsi_rxctrl_inst/n559>, number of controlling flip flops: 1
SR signal <frame_st_2>, number of controlling flip flops: 8
SR signal <data_process_inst/frame_stt1_2>, number of controlling flip flops: 32
SR signal <data_process_inst/n2657>, number of controlling flip flops: 1
SR signal <trigin_or_idle_2>, number of controlling flip flops: 32
SR signal <data_process_inst/n1908>, number of controlling flip flops: 1
SR signal <data_process_inst/single_patch_flag_2>, number of controlling flip flops: 33
SR signal <isddr>, number of controlling flip flops: 1
SR signal <data_process_inst/n1524>, number of controlling flip flops: 32
SR signal <ddr_rstn_2>, number of controlling flip flops: 21
SR signal <Ddr3Mig_Top_inst/u_ddr_reset_control/u_ddr_reset_sequencer/rstn_dly[1]>, number of controlling flip flops: 3
SR signal <Ddr3Mig_Top_inst/ddr3_state_inst/n96>, number of controlling flip flops: 1
SR signal <Ddr3Mig_Top_inst/ddr3_state_inst/ddr_state_rst_t1_2>, number of controlling flip flops: 1
SR signal <Ddr3Mig_Top_inst/ddr3_state_inst/reset_done_t1_2>, number of controlling flip flops: 27
SR signal <Ddr3Mig_Top_inst/ddr3_state_inst/n254>, number of controlling flip flops: 1
SR signal <Ddr3Mig_Top_inst/ddr3_state_inst/n3176>, number of controlling flip flops: 1
SR signal <Ddr3Mig_Top_inst/ddr3_state_inst/n472>, number of controlling flip flops: 1
SR signal <Ddr3Mig_Top_inst/ddr3_state_inst/n476>, number of controlling flip flops: 1
SR signal <Ddr3Mig_Top_inst/ddr3_state_inst/wr_cycle_2>, number of controlling flip flops: 8
SR signal <Ddr3Mig_Top_inst/ddr3_state_inst/n829>, number of controlling flip flops: 2
SR signal <Ddr3Mig_Top_inst/ddr3_state_inst/n2412>, number of controlling flip flops: 1
SR signal <Ddr3Mig_Top_inst/ddr3_state_inst/n896>, number of controlling flip flops: 1
SR signal <Ddr3Mig_Top_inst/ddr3_state_inst/n1588>, number of controlling flip flops: 1
SR signal <Ddr3Mig_Top_inst/ddr3_state_inst/n1614>, number of controlling flip flops: 1
SR signal <Ddr3Mig_Top_inst/ddr3_state_inst/slip_check_d_2>, number of controlling flip flops: 2
SR signal <Ddr3Mig_Top_inst/ddr3_state_inst/n102>, number of controlling flip flops: 22
SR signal <Ddr3Mig_Top_inst/ddr3_state_inst/n2400>, number of controlling flip flops: 98
SR signal <Ddr3Mig_Top_inst/ddr3_state_inst/n3501>, number of controlling flip flops: 1
SR signal <Ddr3Mig_Top_inst/ddr3_state_inst/n1705>, number of controlling flip flops: 8
SR signal <Ddr3Mig_Top_inst/ddr3_state_inst/u_wrddr3_fifo/u_efx_fifo_top/genblk2.wr_rst[1]>, number of controlling flip flops: 19
SR signal <Ddr3Mig_Top_inst/ddr3_state_inst/u_wrddr3_fifo/u_efx_fifo_top/genblk2.rd_rst[1]_2>, number of controlling flip flops: 18
SR signal <Ddr3Mig_Top_inst/ddr3_state_inst/u_rdddr3_fifo/u_efx_fifo_top/genblk2.wr_rst[1]>, number of controlling flip flops: 18
SR signal <Ddr3Mig_Top_inst/ddr3_state_inst/u_rdddr3_fifo/u_efx_fifo_top/genblk2.rd_rst[1]_2>, number of controlling flip flops: 19
SR signal <fx3_tx_inst/n344>, number of controlling flip flops: 1
SR signal <fx3_tx_inst/u_fx3tx_fifo/u_efx_fifo_top/rd_en_int>, number of controlling flip flops: 1
SR signal <fx3_tx_inst/n113>, number of controlling flip flops: 1
SR signal <fx3_tx_inst/n191>, number of controlling flip flops: 13
SR signal <fx3_tx_inst/n251>, number of controlling flip flops: 1
SR signal <fx3_tx_inst/u_fx3tx_fifo/u_efx_fifo_top/genblk2.wr_rst[1]>, number of controlling flip flops: 30
SR signal <fx3_tx_inst/u_fx3tx_fifo/u_efx_fifo_top/genblk2.rd_rst[1]_2>, number of controlling flip flops: 31
SR signal <fx3_tx_inst/n525>, number of controlling flip flops: 1
SR signal <fx3_tx_inst/n511>, number of controlling flip flops: 1
SR signal <gps_decoder_inst/n79>, number of controlling flip flops: 1
SR signal <gps_decoder_inst/gps_valid_2>, number of controlling flip flops: 5
SR signal <gps_decoder_inst/u_GPS_FIFO/u_efx_fifo_top/genblk2.wr_rst[1]_2>, number of controlling flip flops: 34
SR signal <gps_decoder_inst/u_GPS_FIFO/u_efx_fifo_top/genblk2.rd_rst[1]_2>, number of controlling flip flops: 16
SR signal <flash_ctrl_inst/read_start_flag_2>, number of controlling flip flops: 9
SR signal <asmi_reset>, number of controlling flip flops: 226
SR signal <flash_ctrl_inst/wren_2>, number of controlling flip flops: 10
SR signal <flash_ctrl_inst/n166>, number of controlling flip flops: 1
SR signal <flash_ctrl_inst/asmi_flash_ctl_inst/u_efx_flash_controller_top/u_efx_spi_shifter/n4763>, number of controlling flip flops: 2
SR signal <flash_ctrl_inst/asmi_flash_ctl_inst/u_efx_flash_controller_top/u_efx_command_ctl/n440>, number of controlling flip flops: 9
SR signal <watchdogenable>, number of controlling flip flops: 2
SR signal <watchdogs_INST/n335>, number of controlling flip flops: 30
SR signal <watchdogs_INST/n336>, number of controlling flip flops: 1
SR signal <fx3_resetn_3>, number of controlling flip flops: 18
SR signal <i2cSlave0_inst/n42>, number of controlling flip flops: 1
SR signal <i2cSlave0_inst/n36>, number of controlling flip flops: 1
SR signal <i2cSlave0_inst/clearStartStopDet>, number of controlling flip flops: 2
SR signal <i2cSlave0_inst/startEdgeDet_2>, number of controlling flip flops: 36
### ### EFX_FF SR set/reset (end) ### ### ###

### ### Sequential Elements Trimming Report (begin) ### ### ### 
FF Output: CmosControl_inst/SlaveControl_2022_inst/xhs_counter[0](=0)
FF Output: CmosControl_inst/SlaveControl_2022_inst/xhs_counter[1](=0)
FF Output: CmosControl_inst/SlaveControl_2022_inst/xhs_counter[2](=0)
FF Output: CmosControl_inst/SlaveControl_2022_inst/xhs_counter[3](=0)
FF Output: CmosControl_inst/SlaveControl_2022_inst/xhs_counter[4](=0)
FF Output: CmosControl_inst/SlaveControl_2022_inst/xhs_counter[5](=0)
FF Output: CmosControl_inst/SlaveControl_2022_inst/xhs_counter[6](=0)
FF Output: CmosControl_inst/SlaveControl_2022_inst/xhs_counter[7](=0)
FF Output: CmosControl_inst/SlaveControl_2022_inst/xhs_counter[8](=0)
FF Output: CmosControl_inst/SlaveControl_2022_inst/xhs_counter[9](=0)
FF Output: CmosControl_inst/SlaveControl_2022_inst/xhs_counter[10](=0)
FF Output: CmosControl_inst/SlaveControl_2022_inst/xhs_counter[11](=0)
FF Output: CmosControl_inst/SlaveControl_2022_inst/xhs_counter[12](=0)
FF Output: CmosControl_inst/SlaveControl_2022_inst/xhs_counter[13](=0)
FF Output: CmosControl_inst/SlaveControl_2022_inst/xhs_counter[14](=0)
FF Output: CmosControl_inst/SlaveControl_2022_inst/xhs_counter[15](=0)
FF Output: CmosControl_inst/SlaveControl_2022_inst/xhs_counter[16](=0)
FF Output: CmosControl_inst/SlaveControl_2022_inst/xhs_counter[17](=0)
FF Output: CmosControl_inst/SlaveControl_2022_inst/xhs_counter[18](=0)
FF Output: CmosControl_inst/SlaveControl_2022_inst/xhs_counter[19](=0)
FF Output: CmosControl_inst/SlaveControl_2022_inst/xhs_counter[20](=0)
FF Output: CmosControl_inst/SlaveControl_2022_inst/xhs_counter[21](=0)
FF Output: CmosControl_inst/SlaveControl_2022_inst/xhs_counter[22](=0)
FF Output: CmosControl_inst/SlaveControl_2022_inst/xhs_counter[23](=0)
FF Output: CmosControl_inst/SlaveControl_2022_inst/xhs_counter[24](=0)
FF Output: CmosControl_inst/SlaveControl_2022_inst/xhs_counter[25](=0)
FF Output: CmosControl_inst/SlaveControl_2022_inst/xhs_counter[26](=0)
FF Output: CmosControl_inst/SlaveControl_2022_inst/xhs_counter[27](=0)
FF Output: CmosControl_inst/SlaveControl_2022_inst/xhs_counter[28](=0)
FF Output: CmosControl_inst/SlaveControl_2022_inst/xhs_counter[29](=0)
FF Output: CmosControl_inst/SlaveControl_2022_inst/xhs_counter[30](=0)
FF Output: CmosControl_inst/SlaveControl_2022_inst/xhs_counter[31](=0)
FF Output: DetectedXSize[0](=0)
FF Output: DetectedXSize[1](=0)
FF Output: DetectedBw[11](=0)
FF Output: DetectedBw[12](=0)
FF Output: DetectedBw[13](=0)
FF Output: DetectedBw[14](=0)
FF Output: DetectedBw[15](=0)
FF Output: Ddr3Mig_Top_inst/ddr3_state_inst/check_addr[0](=0)
FF Output: Ddr3Mig_Top_inst/ddr3_state_inst/wr_addr[0](=0)
FF Output: Ddr3Mig_Top_inst/ddr3_state_inst/rd_addr[0](=0)
FF Output: Ddr3Mig_Top_inst/ddr3_state_inst/check_addr[1](=0)
FF Output: Ddr3Mig_Top_inst/ddr3_state_inst/check_addr[2](=0)
FF Output: Ddr3Mig_Top_inst/ddr3_state_inst/check_addr[3](=0)
FF Output: Ddr3Mig_Top_inst/ddr3_state_inst/check_addr[4](=0)
FF Output: Ddr3Mig_Top_inst/ddr3_state_inst/check_addr[5](=0)
FF Output: Ddr3Mig_Top_inst/ddr3_state_inst/check_addr[6](=0)
FF Output: Ddr3Mig_Top_inst/ddr3_state_inst/wr_addr[1](=0)
FF Output: Ddr3Mig_Top_inst/ddr3_state_inst/wr_addr[2](=0)
FF Output: Ddr3Mig_Top_inst/ddr3_state_inst/wr_addr[3](=0)
FF Output: Ddr3Mig_Top_inst/ddr3_state_inst/wr_addr[4](=0)
FF Output: Ddr3Mig_Top_inst/ddr3_state_inst/wr_addr[5](=0)
FF Output: Ddr3Mig_Top_inst/ddr3_state_inst/wr_addr[6](=0)
FF Output: Ddr3Mig_Top_inst/ddr3_state_inst/rd_addr[1](=0)
FF Output: Ddr3Mig_Top_inst/ddr3_state_inst/rd_addr[2](=0)
FF Output: Ddr3Mig_Top_inst/ddr3_state_inst/rd_addr[3](=0)
FF Output: Ddr3Mig_Top_inst/ddr3_state_inst/rd_addr[4](=0)
FF Output: Ddr3Mig_Top_inst/ddr3_state_inst/rd_addr[5](=0)
FF Output: Ddr3Mig_Top_inst/ddr3_state_inst/rd_addr[6](=0)
FF Output: flash_ctrl_inst/asmi_flash_ctl_inst/u_efx_flash_controller_top/u_efx_command_ctl/instr1_1[0](=0)
FF Output: flash_ctrl_inst/asmi_flash_ctl_inst/u_efx_flash_controller_top/u_efx_command_ctl/instr1_1[1](=0)
FF Output: flash_ctrl_inst/asmi_flash_ctl_inst/u_efx_flash_controller_top/u_efx_command_ctl/instr1_1[2](=0)
FF Output: flash_ctrl_inst/asmi_flash_ctl_inst/u_efx_flash_controller_top/u_efx_command_ctl/instr1_1[4](=0)
FF Output: flash_ctrl_inst/asmi_flash_ctl_inst/u_efx_flash_controller_top/u_efx_command_ctl/instr2_1[1](=0)
FF Output: DDR_CTRL_AADDR_0[0](=0)
FF Output: DDR_CTRL_AADDR_0[1](=0)
FF Output: DDR_CTRL_AADDR_0[2](=0)
FF Output: DDR_CTRL_AADDR_0[3](=0)
FF Output: DDR_CTRL_AADDR_0[4](=0)
FF Output: DDR_CTRL_AADDR_0[5](=0)
FF Output: DDR_CTRL_AADDR_0[6](=0)
FF Output: Ddr3Mig_Top_inst/ddr3_state_inst/rema_num_temp[6](=0)
FF Output: rema_num[6](=0)
FF Output: Ddr3Mig_Top_inst/ddr3_state_inst/rema_num_temp[5](=0)
FF Output: rema_num[5](=0)
FF Output: Ddr3Mig_Top_inst/ddr3_state_inst/rema_num_temp[4](=0)
FF Output: rema_num[4](=0)
FF Output: Ddr3Mig_Top_inst/ddr3_state_inst/rema_num_temp[3](=0)
FF Output: rema_num[3](=0)
FF Output: Ddr3Mig_Top_inst/ddr3_state_inst/rema_num_temp[2](=0)
FF Output: rema_num[2](=0)
FF Output: Ddr3Mig_Top_inst/ddr3_state_inst/rema_num_temp[1](=0)
FF Output: rema_num[1](=0)
FF Output: Ddr3Mig_Top_inst/ddr3_state_inst/rema_num_temp[0](=0)
FF Output: rema_num[0](=0)
FF instance: mipicsi_rxctrl_inst/vob_flag~FF(unreachable)
FF instance: mipicsi_rxctrl_inst/vob_cntx[0]~FF(unreachable)
FF instance: mipicsi_rxctrl_inst/vob_cnty[0]_2~FF(unreachable)
FF instance: mipicsi_rxctrl_inst/vob_cntx[1]~FF(unreachable)
FF instance: mipicsi_rxctrl_inst/vob_cntx[2]~FF(unreachable)
FF instance: mipicsi_rxctrl_inst/vob_cntx[3]~FF(unreachable)
FF instance: mipicsi_rxctrl_inst/vob_cntx[4]~FF(unreachable)
FF instance: mipicsi_rxctrl_inst/vob_cntx[5]~FF(unreachable)
FF instance: mipicsi_rxctrl_inst/vob_cntx[6]~FF(unreachable)
FF instance: mipicsi_rxctrl_inst/vob_cntx[7]~FF(unreachable)
FF instance: mipicsi_rxctrl_inst/vob_cntx[8]~FF(unreachable)
FF instance: mipicsi_rxctrl_inst/vob_cntx[9]~FF(unreachable)
FF instance: mipicsi_rxctrl_inst/vob_cntx[10]~FF(unreachable)
FF instance: mipicsi_rxctrl_inst/vob_cntx[11]~FF(unreachable)
FF instance: mipicsi_rxctrl_inst/vob_cntx[12]~FF(unreachable)
FF instance: mipicsi_rxctrl_inst/vob_cntx[13]~FF(unreachable)
FF instance: mipicsi_rxctrl_inst/vob_cntx[14]~FF(unreachable)
FF instance: mipicsi_rxctrl_inst/vob_cntx[15]~FF(unreachable)
FF instance: mipicsi_rxctrl_inst/vob_cnty[1]~FF(unreachable)
FF instance: mipicsi_rxctrl_inst/vob_cnty[2]~FF(unreachable)
FF instance: mipicsi_rxctrl_inst/vob_cnty[3]~FF(unreachable)
FF instance: mipicsi_rxctrl_inst/vob_cnty[4]~FF(unreachable)
FF instance: mipicsi_rxctrl_inst/vob_cnty[5]~FF(unreachable)
FF instance: mipicsi_rxctrl_inst/vob_cnty[6]~FF(unreachable)
FF instance: mipicsi_rxctrl_inst/vob_cnty[7]~FF(unreachable)
FF instance: mipicsi_rxctrl_inst/vob_cnty[8]~FF(unreachable)
FF instance: mipicsi_rxctrl_inst/vob_cnty[9]~FF(unreachable)
FF instance: mipicsi_rxctrl_inst/vob_cnty[10]~FF(unreachable)
FF instance: mipicsi_rxctrl_inst/vob_cnty[11]~FF(unreachable)
FF instance: mipicsi_rxctrl_inst/vob_cnty[12]~FF(unreachable)
FF instance: mipicsi_rxctrl_inst/vob_cnty[13]~FF(unreachable)
FF instance: mipicsi_rxctrl_inst/vob_cnty[14]~FF(unreachable)
FF instance: mipicsi_rxctrl_inst/vob_cnty[15]~FF(unreachable)
FF instance: flash_ctrl_inst/asmi_flash_ctl_inst/u_efx_flash_controller_top/u_efx_spi_shifter/erase_en~FF(unreachable)
FF instance: watchdogs_INST/driver_rstn_cnt[30]~FF(unreachable)
FF instance: watchdogs_INST/driver_rstn_cnt[31]~FF(unreachable)
### ### Sequential Elements Trimming Report (end) ### ### ### 

### ### Module Resource Usage Distribution Estimates (begin) ### ###

**Note: some resources maybe grouped under different hierarchy due to optimization and LUT mapping

Module                                                               FFs        ADDs        LUTs      RAMs DSP/MULTs
------------------------------------------------------------         ---        ----        ----      ---- ---------
T35_TOP:T35_TOP                                                  3443(9)      194(0)    5277(44)    26(16)     12(0)
+CmosControl_inst:CmosControl                                     308(0)       90(0)      905(0)      0(0)      0(0)
 +SlaveControl_2022_inst:SlaveControl_2022                      254(254)      90(90)    794(794)      0(0)      0(0)
 +Trigout_set_inst:Trigout_set                                    14(14)        0(0)      17(17)      0(0)      0(0)
 +Trigin_set_inst:Trigin_set                                      31(31)        0(0)      89(89)      0(0)      0(0)
 +CmosCtrl_Switch_inst:CmosCtrl_Switch                              9(9)        0(0)        5(5)      0(0)      0(0)
+mipicsi_rxctrl_inst:mipicsi_rxctrl                             352(352)        0(0)    558(558)      0(0)      0(0)
+data_process_inst:data_process                                 518(518)        0(0)    610(598)      0(0)     12(0)
 +unsigned_reg_mult_instA:unsigned_reg_mult                         0(0)        0(0)        1(1)      0(0)      1(1)
 +unsigned_reg_mult_instB:unsigned_reg_mult                         0(0)        0(0)        1(1)      0(0)      1(1)
 +unsigned_reg_mult_instC:unsigned_reg_mult                         0(0)        0(0)        1(1)      0(0)      1(1)
 +unsigned_reg_mult_instD:unsigned_reg_mult                         0(0)        0(0)        1(1)      0(0)      1(1)
 +unsigned_reg_mult_inst0:unsigned_reg_mult(WIDTHA=8)               0(0)        0(0)        1(1)      0(0)      1(1)
 +unsigned_reg_mult_inst1:unsigned_reg_mult(WIDTHA=8)               0(0)        0(0)        1(1)      0(0)      1(1)
 +unsigned_reg_mult_inst2:unsigned_reg_mult(WIDTHA=8)               0(0)        0(0)        1(1)      0(0)      1(1)
 +unsigned_reg_mult_inst3:unsigned_reg_mult(WIDTHA=8)               0(0)        0(0)        1(1)      0(0)      1(1)
 +unsigned_reg_mult_inst4:unsigned_reg_mult(WIDTHA=8)               0(0)        0(0)        1(1)      0(0)      1(1)
 +unsigned_reg_mult_inst5:unsigned_reg_mult(WIDTHA=8)               0(0)        0(0)        1(1)      0(0)      1(1)
 +unsigned_reg_mult_inst6:unsigned_reg_mult(WIDTHA=8)               0(0)        0(0)        1(1)      0(0)      1(1)
 +unsigned_reg_mult_inst7:unsigned_reg_mult(WIDTHA=8)               0(0)        0(0)        1(1)      0(0)      1(1)
+Ddr3Mig_Top_inst:Ddr3Mig_Top                                     535(0)       63(0)      692(0)      8(0)      0(0)
 +u_ddr_reset_control:ddr_reset_control                            24(0)        0(0)       29(0)      0(0)      0(0)
  +u_ddr_reset_sequencer:ddr_reset_sequencer_85658342c835...      24(24)        0(0)      29(29)      0(0)      0(0)
 +ddr3_state_inst:ddr3_state                                    511(357)      63(43)    663(534)      8(0)      0(0)
  +u_wrddr3_fifo:wrddr3_fifo                                       77(0)       11(0)       63(0)      8(0)      0(0)
   +u_efx_fifo_top:efx_fifo_top_2dfa250d2c4e453db4446885f...       77(4)       11(0)       63(0)      8(0)      0(0)
    +xefx_fifo_ram:efx_fifo_ram_2dfa250d2c4e453db4446885f...        0(0)        0(0)        0(0)      8(8)      0(0)
    +xefx_fifo_ctl:efx_fifo_ctl_2dfa250d2c4e453db4446885f...      73(37)      11(11)      63(34)      0(0)      0(0)
     +genblk7.xrd2wr_bin2gray:efx_fifo_bin2gray_2dfa250d2...        0(0)        0(0)        8(8)      0(0)      0(0)
     +genblk7.xrd2wr_addr_sync:efx_fifo_datasync_2dfa250d...      18(18)        0(0)        4(4)      0(0)      0(0)
     +genblk7.wr2rd_bin2gray:efx_fifo_bin2gray_2dfa250d2c...        0(0)        0(0)        9(9)      0(0)      0(0)
     +genblk7.wr2rd_addr_sync:efx_fifo_datasync_2dfa250d2...      18(18)        0(0)        8(8)      0(0)      0(0)
  +u_rdddr3_fifo:rdddr3_fifo                                       77(0)        9(0)       66(0)      0(0)      0(0)
   +u_efx_fifo_top:efx_fifo_top_07ba11e28366424eb044e2bbe...       77(4)        9(0)       66(0)      0(0)      0(0)
    +xefx_fifo_ctl:efx_fifo_ctl_07ba11e28366424eb044e2bbe...      73(37)        9(9)      66(38)      0(0)      0(0)
     +genblk7.xrd2wr_bin2gray:efx_fifo_bin2gray_07ba11e28...        0(0)        0(0)        8(8)      0(0)      0(0)
     +genblk7.xrd2wr_addr_sync:efx_fifo_datasync_07ba11e2...      18(18)        0(0)        8(8)      0(0)      0(0)
     +genblk7.wr2rd_bin2gray:efx_fifo_bin2gray_07ba11e283...        0(0)        0(0)        8(8)      0(0)      0(0)
     +genblk7.wr2rd_addr_sync:efx_fifo_datasync_07ba11e28...      18(18)        0(0)        4(4)      0(0)      0(0)
+ddrorbypass_inst:ddrorbypass                                   198(198)        0(0)      94(94)      0(0)      0(0)
+fx3_tx_inst:fx3_tx                                              159(53)       10(0)     118(36)      0(0)      0(0)
 +u_fx3tx_fifo:fx3tx_fifo                                         106(0)       10(0)       82(0)      0(0)      0(0)
  +u_efx_fifo_top:efx_fifo_top_fb4299887f82483b86b511f19d...      106(4)       10(0)       82(0)      0(0)      0(0)
   +xefx_fifo_ctl:efx_fifo_ctl_fb4299887f82483b86b511f19d...     102(62)      10(10)      82(46)      0(0)      0(0)
    +genblk7.xrd2wr_bin2gray:efx_fifo_bin2gray_fb4299887f...        0(0)        0(0)        9(9)      0(0)      0(0)
    +genblk7.xrd2wr_addr_sync:efx_fifo_datasync_fb4299887...      20(20)        0(0)        0(0)      0(0)      0(0)
    +genblk7.xrd2wr_gray2bin:efx_fifo_gray2bin_fb4299887f...        0(0)        0(0)        9(1)      0(0)      0(0)
     +genblk1.genblk1.u_gray2bin:efx_fifo_gray2bin_fb4299...        0(0)        0(0)        8(1)      0(0)      0(0)
      +genblk1.genblk1.u_gray2bin:efx_fifo_gray2bin_fb429...        0(0)        0(0)        7(1)      0(0)      0(0)
       +genblk1.genblk1.u_gray2bin:efx_fifo_gray2bin_fb42...        0(0)        0(0)        6(1)      0(0)      0(0)
        +genblk1.genblk1.u_gray2bin:efx_fifo_gray2bin_fb4...        0(0)        0(0)        5(1)      0(0)      0(0)
         +genblk1.genblk1.u_gray2bin:efx_fifo_gray2bin_fb...        0(0)        0(0)        4(1)      0(0)      0(0)
          +genblk1.genblk1.u_gray2bin:efx_fifo_gray2bin_f...        0(0)        0(0)        3(1)      0(0)      0(0)
           +genblk1.genblk1.u_gray2bin:efx_fifo_gray2bin_...        0(0)        0(0)        2(1)      0(0)      0(0)
            +genblk1.genblk1.u_gray2bin:efx_fifo_gray2bin...        0(0)        0(0)        1(1)      0(0)      0(0)
    +genblk7.wr2rd_bin2gray:efx_fifo_bin2gray_fb4299887f8...        0(0)        0(0)        9(9)      0(0)      0(0)
    +genblk7.wr2rd_addr_sync:efx_fifo_datasync_fb4299887f...      20(20)        0(0)        0(0)      0(0)      0(0)
    +genblk7.wr2rd_gray2bin:efx_fifo_gray2bin_fb4299887f8...        0(0)        0(0)        9(1)      0(0)      0(0)
     +genblk1.genblk1.u_gray2bin:efx_fifo_gray2bin_fb4299...        0(0)        0(0)        8(1)      0(0)      0(0)
      +genblk1.genblk1.u_gray2bin:efx_fifo_gray2bin_fb429...        0(0)        0(0)        7(1)      0(0)      0(0)
       +genblk1.genblk1.u_gray2bin:efx_fifo_gray2bin_fb42...        0(0)        0(0)        6(1)      0(0)      0(0)
        +genblk1.genblk1.u_gray2bin:efx_fifo_gray2bin_fb4...        0(0)        0(0)        5(1)      0(0)      0(0)
         +genblk1.genblk1.u_gray2bin:efx_fifo_gray2bin_fb...        0(0)        0(0)        4(1)      0(0)      0(0)
          +genblk1.genblk1.u_gray2bin:efx_fifo_gray2bin_f...        0(0)        0(0)        3(1)      0(0)      0(0)
           +genblk1.genblk1.u_gray2bin:efx_fifo_gray2bin_...        0(0)        0(0)        2(1)      0(0)      0(0)
            +genblk1.genblk1.u_gray2bin:efx_fifo_gray2bin...        0(0)        0(0)        1(1)      0(0)      0(0)
+gps_decoder_inst:gps_decoder                                   397(331)       10(0)    311(261)      1(0)      0(0)
 +u_GPS_FIFO:GPS_FIFO                                              66(0)       10(0)       50(0)      1(0)      0(0)
  +u_efx_fifo_top:efx_fifo_top_299bcbbe77b846fd9ff9237dee...       66(2)       10(0)       50(0)      1(0)      0(0)
   +xefx_fifo_ram:efx_fifo_ram_299bcbbe77b846fd9ff9237dee...        0(0)        0(0)        0(0)      1(1)      0(0)
   +xefx_fifo_ctl:efx_fifo_ctl_299bcbbe77b846fd9ff9237dee...      64(32)      10(10)      50(26)      0(0)      0(0)
    +genblk7.xrd2wr_bin2gray:efx_fifo_bin2gray_299bcbbe77...        0(0)        0(0)        7(7)      0(0)      0(0)
    +genblk7.xrd2wr_addr_sync:efx_fifo_datasync_299bcbbe7...      16(16)        0(0)        3(3)      0(0)      0(0)
    +genblk7.wr2rd_bin2gray:efx_fifo_bin2gray_299bcbbe77b...        0(0)        0(0)        7(7)      0(0)      0(0)
    +genblk7.wr2rd_addr_sync:efx_fifo_datasync_299bcbbe77...      16(16)        0(0)        7(7)      0(0)      0(0)
+MuxGpio_SignalSwitch_inst:MuxGpio_SignalSwitch                     0(0)        0(0)        7(7)      0(0)      0(0)
+flash_ctrl_inst:flash_ctrl                                      286(44)        0(0)    1074(63)      1(0)      0(0)
 +asmi_flash_ctl_inst:asmi_flash_ctl                              242(0)        0(0)     1011(0)      1(0)      0(0)
  +u_efx_flash_controller_top:efx_flash_controller_top_80...      242(0)        0(0)     1011(0)      1(0)      0(0)
   +u_efx_spi_shifter:efx_spi_shifter_809e05252d5b4e67b40...    148(148)        0(0)    852(852)      0(0)      0(0)
   +u_wfifo:dual_clock_fifo_wrapper_809e05252d5b4e67b40da...       53(0)        0(0)       59(0)      1(0)      0(0)
    +genblk1.inst_dual_clock_fifo:dual_clock_fifo_809e052...      53(53)        0(0)      59(59)      1(0)      0(0)
     +inst_simple_dual_port_ram:simple_dual_port_ram_809e...        0(0)        0(0)        0(0)      1(1)      0(0)
   +u_efx_command_ctl:efx_command_ctl_809e05252d5b4e67b40...      41(41)        0(0)    100(100)      0(0)      0(0)
+watchdogs_INST:watchdogs                                         62(62)        0(0)      93(93)      0(0)      0(0)
+LED_state_inst:LED_state                                         49(49)      21(21)      40(40)      0(0)      0(0)
+i2cSlave0_inst:i2cSlave                                         570(23)        0(0)     731(19)      0(0)      0(0)
 +u_registerInterface:registerInterface                         502(502)        0(0)    465(465)      0(0)      0(0)
 +u_serialInterface:serialInterface                               45(45)        0(0)    247(247)      0(0)      0(0)

### ### Module Resource Usage Distribution Estimates (end) ### ###

### ### Clock Load Distribution Report (begin) ### ###

            Clock     Flip-Flops   Memory Ports    Multipliers
            -----     ----------   ------------    -----------
  syspll_CLKOUT25           1311              3              0
 syspll_CLKOUT100           2132             49             12

### ### Clock Load Distribution Report (end) ### ###

### ### EFX Flow Options (begin) ### ### ###

family : Trion
device : T35F324
project : T35_FRAMEWORK
project-xml : G:\外触发小板子\T35_FRAMEWORK_V3_241225\T35_FRAMEWORK_V3_241225\T35_FRAMEWORK_V3\T35_FRAMEWORK.xml
root : T35_TOP
I : ip/asmi_flash_ctl
I : ip/ddr3_calibration
I : ip/fx3tx_fifo
I : ip/ddr_reset_control
I : ip/wrddr3_fifo
I : ip/rdddr3_fifo
I : ip/GPS_FIFO
output-dir : outflow
work-dir : work_syn
write-efx-verilog : outflow\T35_FRAMEWORK.map.v
binary-db : T35_FRAMEWORK.vdb
insert-ios : 0
max-carry-cascade : 480
max_mult : -1
max_ram : -1
mode : speed
veri_options : verilog_mode=verilog_2k,vhdl_mode=vhdl_2008

### ### EFX Flow Options (end) ### ### ###

### ### Resource Summary (begin) ### ### ### 
INPUT  PORTS    : 	300
OUTPUT PORTS    : 	319

EFX_ADD         : 	194
EFX_LUT4        : 	5277
   1-2  Inputs  : 	1122
   3    Inputs  : 	1737
   4    Inputs  : 	2418
EFX_MULT        : 	12
EFX_FF          : 	3443
EFX_RAM_5K      : 	26
EFX_GBUFCE      : 	2
### ### Resource Summary (end) ### ### ###

Plain synthesis (without verilog dump and post-map checks) time : 18s
Elapsed synthesis time : 19s
