Running: efx_run_map.py T35_EXTERNAL_TRIGGER --family Trion --device T35F324 --project_xml C:\T35_ET\T35_EXTERNAL_TRIGGER.xml -v rtl/T35_EXTERNAL_TRIGGER_TOP.v,t:default -v rtl/reset_release.v,t:default -v rtl/uart_tx.v,t:default -v rtl/uart_rx.v,t:default -v rtl/trigger_generator.v,t:default -v rtl/trigger_capture.v,t:default -v rtl/external_trigger_controller.v,t:default --output_dir outflow --opt root=T35_EXTERNAL_TRIGGER_TOP --opt veri_options=verilog_mode=verilog_2k,vhdl_mode=vhdl_2008 work-dir=work_syn write_efx_verilog=on mode=speed max_ram=-1 max_mult=-1 infer-clk-enable=3 infer-sync-set-reset=1 fanout-limit=0 retiming=1 seq_opt=1
Running: C:/Efinity/2021.2\bin\efx_map.exe --project T35_EXTERNAL_TRIGGER --family Trion --device T35F324 --output-dir outflow --v rtl/T35_EXTERNAL_TRIGGER_TOP.v,t:default --v rtl/reset_release.v,t:default --v rtl/uart_tx.v,t:default --v rtl/uart_rx.v,t:default --v rtl/trigger_generator.v,t:default --v rtl/trigger_capture.v,t:default --v rtl/external_trigger_controller.v,t:default --project-xml C:\T35_ET\T35_EXTERNAL_TRIGGER.xml --binary-db T35_EXTERNAL_TRIGGER.vdb --root=T35_EXTERNAL_TRIGGER_TOP --veri_options=verilog_mode=verilog_2k,vhdl_mode=vhdl_2008 --work-dir=work_syn --write-efx-verilog=outflow\T35_EXTERNAL_TRIGGER.map.v --mode=speed --max_ram=-1 --max_mult=-1 --infer-clk-enable=3 --infer-sync-set-reset=1 --fanout-limit=0 --retiming=1 --seq_opt=1
[EFX-0000 INFO] Efinix FPGA Synthesis.
[EFX-0000 INFO] Version: 2021.2.323.2.18
[EFX-0000 INFO] Compiled: Mar 16 2022.
[EFX-0000 INFO] 
[EFX-0000 INFO] Copyright (C) 2013 - 2021 Efinix Inc. All rights reserved.

[EFX-0034 WARNING] Project XML file specified. Source files specified in the command line are ignored.
INFO: Read project database "C:\T35_ET\T35_EXTERNAL_TRIGGER.xml"
INFO: ***** Beginning Analysis ... *****
INFO: default VHDL library search path is now "C:/Efinity/2021.2/sim_models/vhdl/packages/vhdl_2008" (VHDL-1504)
-- Analyzing Verilog file 'C:/Efinity/2021.2/sim_models/maplib/efinix_maplib.v' (VERI-1482)
-- Analyzing Verilog file 'C:/T35_ET\rtl\T35_EXTERNAL_TRIGGER_TOP.v' (VERI-1482)
-- Analyzing Verilog file 'C:/T35_ET\rtl\reset_release.v' (VERI-1482)
-- Analyzing Verilog file 'C:/T35_ET\rtl\uart_tx.v' (VERI-1482)
-- Analyzing Verilog file 'C:/T35_ET\rtl\uart_rx.v' (VERI-1482)
-- Analyzing Verilog file 'C:/T35_ET\rtl\trigger_generator.v' (VERI-1482)
-- Analyzing Verilog file 'C:/T35_ET\rtl\trigger_capture.v' (VERI-1482)
-- Analyzing Verilog file 'C:/T35_ET\rtl\external_trigger_controller.v' (VERI-1482)
INFO: Analysis took 0.0071732 seconds.
INFO: 	Analysis took 0 seconds (approximately) in total CPU time.
INFO: Analysis virtual memory usage: begin = 57.848 MB, end = 58.556 MB, delta = 0.708 MB
INFO: 	Analysis peak virtual memory usage = 109.1 MB
INFO: Analysis resident set memory usage: begin = 58.44 MB, end = 61.396 MB, delta = 2.956 MB
INFO: 	Analysis peak resident set memory usage = 61.4 MB
INFO: ***** Ending Analysis ... *****
INFO: ***** Beginning Elaboration ... *****
C:/T35_ET\rtl\T35_EXTERNAL_TRIGGER_TOP.v(3): INFO: compiling module 'T35_EXTERNAL_TRIGGER_TOP' (VERI-1018)
C:/T35_ET\rtl\reset_release.v(3): INFO: compiling module 'reset_release' (VERI-1018)
C:/T35_ET\rtl\external_trigger_controller.v(3): INFO: compiling module 'external_trigger_controller' (VERI-1018)
C:/T35_ET\rtl\uart_rx.v(4): INFO: compiling module 'uart_rx' (VERI-1018)
C:/T35_ET\rtl\uart_tx.v(4): INFO: compiling module 'uart_tx' (VERI-1018)
C:/T35_ET\rtl\trigger_generator.v(3): INFO: compiling module 'trigger_generator' (VERI-1018)
C:/T35_ET\rtl\trigger_capture.v(3): INFO: compiling module 'trigger_capture' (VERI-1018)
INFO: Elaboration took 0.0465308 seconds.
INFO: 	Elaboration took 0.03125 seconds (approximately) in total CPU time.
INFO: Elaboration virtual memory usage: begin = 58.556 MB, end = 84.588 MB, delta = 26.032 MB
INFO: 	Elaboration peak virtual memory usage = 109.1 MB
INFO: Elaboration resident set memory usage: begin = 61.408 MB, end = 87.808 MB, delta = 26.4 MB
INFO: 	Elaboration peak resident set memory usage = 87.812 MB
INFO: ***** Ending Elaboration ... *****
[EFX-0000 INFO] Setting Synthesis Option: mode=speed
INFO: ***** Beginning Reading Mapping Library ... *****
-- Analyzing Verilog file 'C:/Efinity/2021.2/sim_models/maplib/efinix_maplib.v' (VERI-1482)
C:/Efinity/2021.2/sim_models/maplib/efinix_maplib.v(6): INFO: compiling module 'EFX_ADD' (VERI-1018)
C:/Efinity/2021.2/sim_models/maplib/efinix_maplib.v(19): INFO: compiling module 'EFX_FF' (VERI-1018)
C:/Efinity/2021.2/sim_models/maplib/efinix_maplib.v(36): INFO: compiling module 'EFX_COMB4' (VERI-1018)
C:/Efinity/2021.2/sim_models/maplib/efinix_maplib.v(46): INFO: compiling module 'EFX_GBUFCE' (VERI-1018)
C:/Efinity/2021.2/sim_models/maplib/efinix_maplib.v(55): INFO: compiling module 'EFX_IDDR' (VERI-1018)
C:/Efinity/2021.2/sim_models/maplib/efinix_maplib.v(69): INFO: compiling module 'EFX_ODDR' (VERI-1018)
C:/Efinity/2021.2/sim_models/maplib/efinix_maplib.v(85): INFO: compiling module 'EFX_IOBUF' (VERI-1018)
C:/Efinity/2021.2/sim_models/maplib/efinix_maplib.v(97): INFO: compiling module 'EFX_LUT4' (VERI-1018)
C:/Efinity/2021.2/sim_models/maplib/efinix_maplib.v(105): INFO: compiling module 'EFX_MULT' (VERI-1018)
C:/Efinity/2021.2/sim_models/maplib/efinix_maplib.v(140): INFO: compiling module 'EFX_DSP48' (VERI-1018)
C:/Efinity/2021.2/sim_models/maplib/efinix_maplib.v(196): INFO: compiling module 'EFX_DSP24' (VERI-1018)
C:/Efinity/2021.2/sim_models/maplib/efinix_maplib.v(249): INFO: compiling module 'EFX_DSP12' (VERI-1018)
C:/Efinity/2021.2/sim_models/maplib/efinix_maplib.v(302): INFO: compiling module 'EFX_RAM_4K' (VERI-1018)
C:/Efinity/2021.2/sim_models/maplib/efinix_maplib.v(362): INFO: compiling module 'EFX_RAM_5K' (VERI-1018)
C:/Efinity/2021.2/sim_models/maplib/efinix_maplib.v(434): INFO: compiling module 'EFX_DPRAM_5K' (VERI-1018)
C:/Efinity/2021.2/sim_models/maplib/efinix_maplib.v(539): INFO: compiling module 'RAMB5' (VERI-1018)
C:/Efinity/2021.2/sim_models/maplib/efinix_maplib.v(601): INFO: compiling module 'EFX_RAM_10K' (VERI-1018)
C:/Efinity/2021.2/sim_models/maplib/efinix_maplib.v(693): INFO: compiling module 'EFX_RAM10' (VERI-1018)
C:/Efinity/2021.2/sim_models/maplib/efinix_maplib.v(794): INFO: compiling module 'EFX_DPRAM10' (VERI-1018)
C:/Efinity/2021.2/sim_models/maplib/efinix_maplib.v(924): INFO: compiling module 'EFX_SRL8' (VERI-1018)
INFO: Reading Mapping Library took 0.0054693 seconds.
INFO: 	Reading Mapping Library took 0.015625 seconds (approximately) in total CPU time.
INFO: Reading Mapping Library virtual memory usage: begin = 84.588 MB, end = 84.588 MB, delta = 0 MB
INFO: 	Reading Mapping Library peak virtual memory usage = 109.1 MB
INFO: Reading Mapping Library resident set memory usage: begin = 87.92 MB, end = 87.952 MB, delta = 0.032 MB
INFO: 	Reading Mapping Library peak resident set memory usage = 87.956 MB
INFO: ***** Ending Reading Mapping Library ... *****
[EFX-0000 INFO] ... Pre-synthesis checks begin
[EFX-0031 INFO] 'Mux_28' instance is encountered with don't-care(1'bx) input, rewiring to GND. (C:/T35_ET\rtl\uart_tx.v:48)
[EFX-0031 INFO] 'mux_1141' instance is encountered with don't-care(1'bx) input, rewiring to GND. (C:/T35_ET\rtl\external_trigger_controller.v:667)
[EFX-0200 WARNING] Removing redundant signal : crc16_byte[15]. (C:/T35_ET\rtl\external_trigger_controller.v:109)
[EFX-0200 WARNING] Removing redundant signal : crc16_byte[14]. (C:/T35_ET\rtl\external_trigger_controller.v:109)
[EFX-0200 WARNING] Removing redundant signal : crc16_byte[13]. (C:/T35_ET\rtl\external_trigger_controller.v:109)
[EFX-0200 WARNING] Removing redundant signal : crc16_byte[12]. (C:/T35_ET\rtl\external_trigger_controller.v:109)
[EFX-0200 WARNING] Removing redundant signal : crc16_byte[11]. (C:/T35_ET\rtl\external_trigger_controller.v:109)
[EFX-0200 WARNING] Removing redundant signal : crc16_byte[10]. (C:/T35_ET\rtl\external_trigger_controller.v:109)
[EFX-0200 WARNING] Removing redundant signal : crc16_byte[9]. (C:/T35_ET\rtl\external_trigger_controller.v:109)
[EFX-0200 WARNING] Removing redundant signal : crc16_byte[8]. (C:/T35_ET\rtl\external_trigger_controller.v:109)
[EFX-0200 WARNING] Removing redundant signal : crc16_byte[7]. (C:/T35_ET\rtl\external_trigger_controller.v:109)
[EFX-0200 WARNING] Removing redundant signal : crc16_byte[6]. (C:/T35_ET\rtl\external_trigger_controller.v:109)
[EFX-0200 WARNING] Removing redundant signal : crc16_byte[5]. (C:/T35_ET\rtl\external_trigger_controller.v:109)
[EFX-0200 WARNING] Removing redundant signal : crc16_byte[4]. (C:/T35_ET\rtl\external_trigger_controller.v:109)
[EFX-0200 WARNING] Removing redundant signal : crc16_byte[3]. (C:/T35_ET\rtl\external_trigger_controller.v:109)
[EFX-0200 WARNING] Removing redundant signal : crc16_byte[2]. (C:/T35_ET\rtl\external_trigger_controller.v:109)
[EFX-0200 WARNING] Removing redundant signal : crc16_byte[1]. (C:/T35_ET\rtl\external_trigger_controller.v:109)
[EFX-0200 WARNING] Removing redundant signal : crc16_byte[0]. (C:/T35_ET\rtl\external_trigger_controller.v:109)
[EFX-0200 WARNING] Removing redundant signal : crc16_byte.crc_in[15]. (C:/T35_ET\rtl\external_trigger_controller.v:110)
[EFX-0200 WARNING] Removing redundant signal : crc16_byte.crc_in[14]. (C:/T35_ET\rtl\external_trigger_controller.v:110)
[EFX-0200 WARNING] Removing redundant signal : crc16_byte.crc_in[13]. (C:/T35_ET\rtl\external_trigger_controller.v:110)
[EFX-0200 WARNING] Removing redundant signal : crc16_byte.crc_in[12]. (C:/T35_ET\rtl\external_trigger_controller.v:110)
[EFX-0200 WARNING] The above message was generated too many times, subsequent similar messages will be muted.
[EFX-0000 INFO] ... Pre-synthesis checks end (Real time : 0s)
[EFX-0000 INFO] ... NameSpace init begin
[EFX-0000 INFO] ... NameSpace init end (Real time : 0s)
[EFX-0000 INFO] ... Mapping design "T35_EXTERNAL_TRIGGER_TOP"
[EFX-0000 INFO] ... Hierarchical pre-synthesis "reset_release" begin
[EFX-0000 INFO] ... Hierarchical pre-synthesis "reset_release" end (Real time : 0s)
[EFX-0000 INFO] ... Hierarchical pre-synthesis "uart_rx" begin
[EFX-0000 INFO] ... Hierarchical pre-synthesis "uart_rx" end (Real time : 0s)
[EFX-0000 INFO] ... Hierarchical pre-synthesis "uart_tx" begin
[EFX-0000 INFO] ... Hierarchical pre-synthesis "uart_tx" end (Real time : 0s)
[EFX-0000 INFO] ... Hierarchical pre-synthesis "trigger_generator" begin
[EFX-0000 INFO] ... Hierarchical pre-synthesis "trigger_generator" end (Real time : 0s)
[EFX-0000 INFO] ... Hierarchical pre-synthesis "trigger_capture" begin
[EFX-0000 INFO] ... Hierarchical pre-synthesis "trigger_capture" end (Real time : 0s)
[EFX-0000 INFO] ... Hierarchical pre-synthesis "external_trigger_controller" begin
[EFX-0000 INFO] ... Hierarchical pre-synthesis "external_trigger_controller" end (Real time : 1s)
[EFX-0000 INFO] ... Hierarchical pre-synthesis "T35_EXTERNAL_TRIGGER_TOP" begin
[EFX-0000 INFO] ... Clock Enable Synthesis Performed on 564 flops.
[EFX-0000 INFO] ... Hierarchical pre-synthesis "T35_EXTERNAL_TRIGGER_TOP" end (Real time : 0s)
[EFX-0000 INFO] ... Flat optimizations begin
[EFX-0000 INFO] ... Flat optimizations end (Real time : 0s)
[EFX-0000 INFO] ... Flat synthesis begin
[EFX-0000 INFO] ... Flat synthesis end (Real time : 0s)
[EFX-0000 INFO] ... Flat optimizations begin
[EFX-0000 INFO] ... Flat optimizations end (Real time : 0s)
[EFX-0000 INFO] ... Check and break combinational loops begin
[EFX-0000 INFO] ... Check and break combinational loops end (Real time : 0s)
[EFX-0000 INFO] ... Sequential Optimization begin
[EFX-0000 INFO] ... Clock Network syspll_CLKOUT100 with 1207 loads will be considered for sequential optimization.
[EFX-0000 INFO] ... Sequential Optimization deduced 970 equivalent points.
[EFX-0000 INFO] ... Sequential Optimization end (Real time : 1s)
[EFX-0000 INFO] ... SOP modeling begin
[EFX-0000 INFO] ... SOP modeling end (Real time : 0s)
[EFX-0000 INFO] ... LUT mapping begin
[EFX-0000 INFO] ... LS, strategy: 3, nd: 2808, ed: 9326, lv: 9, pw: 4046.54
[EFX-0000 INFO] ... LUT mapping end (Real time : 15s)
[EFX-0000 INFO] ... Post-synthesis Verific netlist creation begin
[EFX-0000 INFO] ... Post-synthesis Verific netlist creation end (Real time : 0s)
[EFX-0000 INFO] ... Postmap Retiming Optimization begin
[EFX-0000 INFO] ... Clock Network n4 with 1151 loads will be considered for retiming optimization.
[EFX-0000 INFO] ... Performed 2 retime moves.
[EFX-0000 INFO] ... Postmap Retiming Optimization end (Real time : 0s)
[EFX-0000 INFO] ... Post-synthesis Verific netlist unification/params processing begin
[EFX-0000 INFO] ... Post-synthesis Verific netlist unification/params processing end (Real time : 0s)
INFO: ***** Beginning VDB Netlist Checker ... *****
WARNING: Input/Inout Port sysclk is unconnected and will be removed
INFO: Found 1 warnings in the post-synthesis netlist.
INFO: VDB Netlist Checker took 0.0076995 seconds.
INFO: 	VDB Netlist Checker took 0 seconds (approximately) in total CPU time.
INFO: VDB Netlist Checker virtual memory usage: begin = 131.1 MB, end = 131.1 MB, delta = 0 MB
INFO: 	VDB Netlist Checker peak virtual memory usage = 155.8 MB
INFO: VDB Netlist Checker resident set memory usage: begin = 135.812 MB, end = 135.856 MB, delta = 0.044 MB
INFO: 	VDB Netlist Checker peak resident set memory usage = 155.752 MB
INFO: ***** Ending VDB Netlist Checker ... *****
-- Writing netlist 'T35_EXTERNAL_TRIGGER_TOP' to Verilog file 'outflow\T35_EXTERNAL_TRIGGER.map.v' (VDB-1030)
[EFX-0000 INFO] Resource Summary 
[EFX-0000 INFO] =============================== 
[EFX-0000 INFO] EFX_ADD         : 	33
[EFX-0000 INFO] EFX_LUT4        : 	2797
[EFX-0000 INFO] EFX_FF          : 	1149
[EFX-0000 INFO] EFX_GBUFCE      : 	1
[EFX-0000 INFO] =============================== 
Running: efx_run_pt.py T35_EXTERNAL_TRIGGER Trion T35F324
Running: C:/Efinity/2021.2\python38\bin\python.exe C:\Efinity\2021.2\scripts\efx_run_pt.py T35_EXTERNAL_TRIGGER Trion T35F324
Writing out summary report file
Writing out pinout file
Writing out interface config file
Writing out timing related file
Writing out verilog template file
Writing out option register file
Writing out LPF
Running: efx_run_pnr.py T35_EXTERNAL_TRIGGER --prj --family Trion --device T35F324 --timing_model I4 --sim --output_dir outflow --opt sdc_file=constraints/T35_EXTERNAL_TRIGGER.sdc --opt work_dir=work_pnr optimization_level=TIMING_3 seed=1
Running: C:/Efinity/2021.2\bin\efx_pnr.exe --circuit T35_EXTERNAL_TRIGGER --family Trion --device T35F324 --operating_conditions I4 --vdb_file C:\T35_ET\T35_EXTERNAL_TRIGGER.vdb --use_vdb_file on --output_dir outflow --place_file outflow\T35_EXTERNAL_TRIGGER.place --route_file outflow\T35_EXTERNAL_TRIGGER.route --sync_file outflow\T35_EXTERNAL_TRIGGER.interface.csv --generate_prevpr_netlist on --sdc_file=constraints/T35_EXTERNAL_TRIGGER.sdc --work_dir=work_pnr --optimization_level=TIMING_3 --seed=1

Efinix FPGA Placement and Routing.
Version: 2021.2.323.2.18 
Compiled: Mar 16 2022.

Copyright (C) 2013 - 2021 Efinix Inc. All rights reserved.


The Tool Is Based on VPR of University of Toronto,
a free open source code under MIT license.


Running Placement and Routing for Family "Trion", Device "T35F324" ...

***** Beginning stage netlist pre-processing ... *****
Successfully Read in Verific binary Netlist dump file "C:\T35_ET\T35_EXTERNAL_TRIGGER.vdb".
***** Beginning VDB Netlist Checker ... *****
WARNING: Input/Inout Port sysclk is unconnected and will be removed
INFO: Found 1 warnings in the post-synthesis netlist.
VDB Netlist Checker took 0.0078674 seconds.
	VDB Netlist Checker took 0 seconds (approximately) in total CPU time.
VDB Netlist Checker virtual memory usage: begin = 26.628 MB, end = 26.628 MB, delta = 0 MB
	VDB Netlist Checker peak virtual memory usage = 77.176 MB
VDB Netlist Checker resident set memory usage: begin = 36.32 MB, end = 36.54 MB, delta = 0.22 MB
	VDB Netlist Checker peak resident set memory usage = 60.484 MB
***** Ending VDB Netlist Checker ... *****
-- Writing netlist 'T35_EXTERNAL_TRIGGER_TOP' to Verilog file 'outflow\T35_EXTERNAL_TRIGGER.prevpr.v' (VDB-1030)
Reading core interface constraints from 'outflow\T35_EXTERNAL_TRIGGER.interface.csv'.
Successfully processed interface constraints file "outflow\T35_EXTERNAL_TRIGGER.interface.csv".
Creating interface clock buffer sysclk~CLKBUF.
Found 0 constant generator nets.
Pass 0: Swept away 0 nets with no fanout.
Pass 0: Swept away 0 blocks with no fanout.
Swept away 0 nets and 0 blocks in total.
Removed 0 LUT buffers.
Successfully created VPR logical netlist from Verific binary DataBase file "C:\T35_ET\T35_EXTERNAL_TRIGGER.vdb".
Netlist pre-processing took 0.212416 seconds.
	Netlist pre-processing took 0.109375 seconds (approximately) in total CPU time.
Netlist pre-processing virtual memory usage: begin = 11.908 MB, end = 34.112 MB, delta = 22.204 MB
	Netlist pre-processing peak virtual memory usage = 246.416 MB
Netlist pre-processing resident set memory usage: begin = 21.572 MB, end = 43.456 MB, delta = 21.884 MB
	Netlist pre-processing peak resident set memory usage = 251.636 MB
***** Ending stage netlist pre-processing *****
***** Beginning stage pre-packing ... *****
***** Ending stage pre-packing *****
***** Beginning stage packing ... *****
Generate proto netlist for file "work_pnr\T35_EXTERNAL_TRIGGER.net_proto" took 0.002 seconds
Creating IO constraints file 'work_pnr\T35_EXTERNAL_TRIGGER.io_place'
Packing took 0.0136882 seconds.
	Packing took 0.015625 seconds (approximately) in total CPU time.
Packing virtual memory usage: begin = 27.496 MB, end = 30.632 MB, delta = 3.136 MB
	Packing peak virtual memory usage = 246.416 MB
Packing resident set memory usage: begin = 37.664 MB, end = 40.656 MB, delta = 2.992 MB
	Packing peak resident set memory usage = 251.636 MB
***** Ending stage packing *****
***** Beginning stage packed netlist loading ... *****
Read proto netlist file work_pnr\T35_EXTERNAL_TRIGGER.net_proto
Read proto netlist for file "work_pnr\T35_EXTERNAL_TRIGGER.net_proto" took 0.001 seconds
Setup net and block data structure took 0.051 seconds
Packed netlist loading took 0.0602145 seconds.
	Packed netlist loading took 0.0625 seconds (approximately) in total CPU time.
Packed netlist loading virtual memory usage: begin = 30.632 MB, end = 67.168 MB, delta = 36.536 MB
	Packed netlist loading peak virtual memory usage = 246.416 MB
Packed netlist loading resident set memory usage: begin = 40.66 MB, end = 75.824 MB, delta = 35.164 MB
	Packed netlist loading peak resident set memory usage = 251.636 MB
***** Ending stage packed netlist loading *****
***** Beginning stage pre-placement ... *****

***** Ending stage pre-placement *****
WARNING(1): [SDC line 7] set_false_path does not support endpoints that are both non-clock
WARNING(2): Unable to set false path due to warnings found
Unable to set false path due to warning found
WARNING(3): [SDC line 8] set_false_path does not support endpoints that are both non-clock
WARNING(4): Unable to set false path due to warnings found
Unable to set false path due to warning found

SDC file 'constraints/T35_EXTERNAL_TRIGGER.sdc' parsed successfully.
2 clocks (including virtual clocks), 0 inputs and 0 outputs were constrained.

Read ipin pattern from C:/Efinity/2021.2/arch/./ipin_oph.xml
Finished parsing ipin pattern file 'C:/Efinity/2021.2/arch/./ipin_oph.xdb'.
Finished parsing switch_block file 'C:/Efinity/2021.2/arch/.\sb_connectivity_subset.xdb'.
BuildGraph process took 3.22309 seconds.
	BuildGraph process took 3 seconds (approximately) in total CPU time.
BuildGraph process virtual memory usage: begin = 98.728 MB, end = 619.54 MB, delta = 520.812 MB
	BuildGraph process peak virtual memory usage = 626.264 MB
BuildGraph process resident set memory usage: begin = 106.932 MB, end = 614.744 MB, delta = 507.812 MB
	BuildGraph process peak resident set memory usage = 621.38 MB
check rr_graph process took 0.0435256 seconds.
	check rr_graph process took 0.046875 seconds (approximately) in total CPU time.
check rr_graph process virtual memory usage: begin = 674.476 MB, end = 674.476 MB, delta = 0 MB
	check rr_graph process peak virtual memory usage = 689.5 MB
check rr_graph process resident set memory usage: begin = 669.572 MB, end = 669.608 MB, delta = 0.036 MB
	check rr_graph process peak resident set memory usage = 684.572 MB
***** Beginning stage initial placement ... *****
Reading core interface constraints from 'outflow\T35_EXTERNAL_TRIGGER.interface.csv'.
Successfully processed interface constraints file "outflow\T35_EXTERNAL_TRIGGER.interface.csv".
Writing IO placement constraints to 'outflow\T35_EXTERNAL_TRIGGER.interface.io'.

Reading placement constraints from 'outflow\T35_EXTERNAL_TRIGGER.interface.io'.

Reading placement constraints from 'work_pnr\T35_EXTERNAL_TRIGGER.io_place'.
***** Ending stage initial placement *****
***** Beginning stage placement ... *****
Using optimization level TIMING_3 in qplacer to set options
NumRegions 1
Starting Global Placer ...

 ----------     -------  --------------     -------
  Iteration       WHPWL Worst Slack (ps) Convergence
 ----------     -------  --------------     -------
          1      395741            3286         0.2%
          2      188132            3286         0.6%
          3      157333            3165         1.1%
          4      146466            2890         2.5%
          5      125014            2893         6.7%
          6      102519            2049        17.5%
          7       82736             274        39.3%
          8       85497           -1531        52.3%
          9       93546           -1306        54.2%
         10       94136           -1161        56.0%
         11      106392            -969        59.3%
         12      120232            -489        60.0%
         13      118465            -518        61.4%
         14       98788            -662        61.4%
         15      106192            -420        70.0%
         16      111798            -451        70.0%
         17      122169             -61        70.5%
         18      126959              53        70.8%
         19      113469            -119        70.8%
         20       94835            -167        77.0%
         21       89278           -1529        77.0%
         22       92960            -963        78.5%
         23       92579            -904        79.9%
         24       97328           -1366        81.9%
         25       94001           -1067        81.9%
         26       92361           -1422        82.8%
         27       96677           -1275        84.4%
         28       99276           -1205        84.6%
         29       96265            -922        84.6%
         30       96515            -746        85.2%
         31       96830            -841        85.2%
         32       98523           -1134        85.5%
Starting Annealer

 ----------     -------  --------------     -------
  Iteration       WHPWL  Delay Max (ps)     R Limit
 ----------     -------  --------------     -------
          0       94835           13049        30.0
          1       70997           13252        30.0
          2       38568           14162        30.0
          3       38409           12867        30.0
          4       34683           12345        30.0
          5       33150           11229        30.0
          6       33068           10356        29.9
          7       33108           10269        29.6
          8       33477            9583        28.7
          9       33157            9894        27.7
         10       33341            9633        26.5
         11       32845            9101        25.3
         12       32445            9492        24.1
         13       32031            9155        22.9
         14       32152            8834        21.6
         15       32226            8756        20.4
         16       32094            8724        19.3
         17       31571            8685        18.2
         18       31577            9141        17.1
         19       31083            8519        16.1
         20       30460            8990        15.2
         21       30330            8699        14.4
         22       29893            8510        13.6
         23       29643            8720        12.8
         24       29243            8676        12.1
         25       28964            8802        11.4
         26       28788            8203        10.8
         27       28684            8195        10.2
         28       28373            8328         9.7
         29       28251            8355         9.1
         30       27965            8395         8.7
         31       27644            8111         8.2
         32       27388            8342         7.8
         33       27207            8464         7.4
         34       26807            8298         7.0
         35       26683            8144         6.6
         36       26328            8144         6.2
         37       26195            8144         5.9
         38       25906            8144         5.6
         39       25771            8203         5.2
         40       25483            8173         5.0
         41       25315            8232         4.7
         42       25126            8076         4.5
         43       25009            8116         4.2
         44       24805            8113         4.0
         45       24712            8262         3.8
         46       24343            8258         3.6
         47       24154            8110         3.2
Starting incremental timing annealer
Starting incremental timing quench 1 with temperature 0.1 and 1 moves per pass

 ----------     -------  --------------     -------
  Iteration       WHPWL  Delay Max (ps)     R Limit
 ----------     -------  --------------     -------
          0       24142            8110        30.0
          1       25471            8110        30.0
          2       26849            8110        27.1
          3       27380            8038        24.4
          4       27494            8038        22.0
          5       27716            8038        19.9
          6       27878            8038        17.9
          7       27862            8037        16.1
          8       27720            8037        14.6
          9       27622            8037        13.2
         10       27541            8037        11.9
         11       27353            8037        10.8
         12       27223            8037         9.8
         13       27020            8037         8.9
         14       26860            8037         8.1
         15       26728            8037         7.4
         16       26529            8037         6.7
Placement successful: 3137 cells are placed
Peak congestion smeared over 1/4 of the chip is 0.148811 at 54,367
Congestion-weighted HPWL per net: 7.33455

Reading placement constraints from 'outflow/T35_EXTERNAL_TRIGGER.qplace'.
[TimingCost::InitializeTimingData]
Finished Realigning Types (1093 blocks needed type change)
[TimingCost::InitializeTimingData]

Completed placement consistency check successfully.

Placement estimated critical path delay: 7.85057 ns
Successfully created FPGA place file 'outflow\T35_EXTERNAL_TRIGGER.place'
Placement took 22.321 seconds.
	Placement took 33.4688 seconds (approximately) in total CPU time.
Placement virtual memory usage: begin = 67.168 MB, end = 178.296 MB, delta = 111.128 MB
	Placement peak virtual memory usage = 748.14 MB
Placement resident set memory usage: begin = 75.836 MB, end = 182.752 MB, delta = 106.916 MB
	Placement peak resident set memory usage = 735.508 MB
***** Ending stage placement *****

Efinix FPGA Placement and Routing.
Version: 2021.2.323.2.18 
Compiled: Mar 16 2022.

Copyright (C) 2013 - 2021 Efinix Inc. All rights reserved.


The Tool Is Based on VPR of University of Toronto,
a free open source code under MIT license.


Running Placement and Routing for Family "Trion", Device "T35F324" ...

***** Beginning stage routing graph generation ... *****
Read ipin pattern from C:/Efinity/2021.2/arch/./ipin_oph.xml
Finished parsing ipin pattern file 'C:/Efinity/2021.2/arch/./ipin_oph.xdb'.
Finished parsing switch_block file 'C:/Efinity/2021.2/arch/.\sb_connectivity_subset.xdb'.
BuildGraph process took 3.7278 seconds.
	BuildGraph process took 3.67188 seconds (approximately) in total CPU time.
BuildGraph process virtual memory usage: begin = 179.68 MB, end = 797.204 MB, delta = 617.524 MB
	BuildGraph process peak virtual memory usage = 804.828 MB
BuildGraph process resident set memory usage: begin = 183.56 MB, end = 776.26 MB, delta = 592.7 MB
	BuildGraph process peak resident set memory usage = 783.784 MB
check rr_graph process took 0.0615849 seconds.
	check rr_graph process took 0.0625 seconds (approximately) in total CPU time.
check rr_graph process virtual memory usage: begin = 820.316 MB, end = 820.316 MB, delta = 0 MB
	check rr_graph process peak virtual memory usage = 860.264 MB
check rr_graph process resident set memory usage: begin = 799.324 MB, end = 799.348 MB, delta = 0.024 MB
	check rr_graph process peak resident set memory usage = 839.196 MB
Generated 1952726 RR nodes and 7297623 RR edges
This design has 0 global control net(s). See outflow\T35_EXTERNAL_TRIGGER.route.rpt for details.
Routing graph took 3.86361 seconds.
	Routing graph took 3.79688 seconds (approximately) in total CPU time.
Routing graph virtual memory usage: begin = 178.296 MB, end = 755.364 MB, delta = 577.068 MB
	Routing graph peak virtual memory usage = 860.264 MB
Routing graph resident set memory usage: begin = 182.752 MB, end = 734.548 MB, delta = 551.796 MB
	Routing graph peak resident set memory usage = 839.196 MB
***** Ending stage routing graph generation *****
***** Beginning stage routing ... *****

 ---------      -------     --------------      -------------
 Iteration      Overuse     Crit Path (ns)      Calc Time (s)
 ---------      -------     --------------      -------------
         1        12731              8.486               2.41
         2         2394               8.58               1.12
         3         1447               8.58              0.627
         4          834              8.619              0.484
         5          457              8.619              0.386
         6          251              8.518              0.262
         7          170              8.678               0.23
         8          108              8.518              0.384
         9           62              8.877              0.304
        10           52              9.275              0.602
        11           33              8.724              0.221
        12           13              9.416              0.314
        13            8              8.868              0.322
        14            4              9.145              0.119
        15            7              9.419              0.121
        16            4              9.275              0.539
        17            1              9.664              0.993
        18            1              9.357              0.122
        19            1              9.357              0.631
        20            1              9.357              0.566
        21            0              9.357              0.119

Successfully routed netlist after 21 routing iterations and 64920926 heapops
Completed net delay value cross check successfully.

***** Beginning stage routing check ... *****
***** Ending stage routing check *****

Serial number (magic cookie) for the routing is: 1309553809
Netlist fully routed.

Successfully created FPGA route file 'outflow\T35_EXTERNAL_TRIGGER.route'
Routing took 11.1739 seconds.
	Routing took 11.1406 seconds (approximately) in total CPU time.
Routing virtual memory usage: begin = 757.18 MB, end = 825.3 MB, delta = 68.12 MB
	Routing peak virtual memory usage = 981.964 MB
Routing resident set memory usage: begin = 736.296 MB, end = 805.428 MB, delta = 69.132 MB
	Routing peak resident set memory usage = 929.616 MB
***** Ending stage routing *****
***** Beginning stage final timing analysis ... *****

Maximum possible analyzed clocks frequency
Clock Name          Period (ns)   Frequency (MHz)   Edge
syspll_CLKOUT100          9.477         105.520     (R-R)

Geomean max period: 9.477

Setup (Max) Clock Relationship
Launch Clock      Capture Clock     Constraint (ns)   Slack (ns)    Edge
syspll_CLKOUT100   syspll_CLKOUT100       10.000         0.523     (R-R)

Hold (Min) Clock Relationship
Launch Clock      Capture Clock     Constraint (ns)   Slack (ns)    Edge
syspll_CLKOUT100   syspll_CLKOUT100        0.000         0.306     (R-R)


final timing analysis took 0.14119 seconds.
	final timing analysis took 0.140625 seconds (approximately) in total CPU time.
final timing analysis virtual memory usage: begin = 825.3 MB, end = 830.052 MB, delta = 4.752 MB
	final timing analysis peak virtual memory usage = 981.964 MB
final timing analysis resident set memory usage: begin = 805.436 MB, end = 810.548 MB, delta = 5.112 MB
	final timing analysis peak resident set memory usage = 929.616 MB
***** Ending stage final timing analysis *****
***** Beginning stage bitstream generation ... *****
Reading core interface constraints from 'outflow\T35_EXTERNAL_TRIGGER.interface.csv'.
Successfully processed interface constraints file "outflow\T35_EXTERNAL_TRIGGER.interface.csv".
Finished writing bitstream file work_pnr\T35_EXTERNAL_TRIGGER.lbf.
Bitstream generation took 0.498555 seconds.
	Bitstream generation took 0.46875 seconds (approximately) in total CPU time.
Bitstream generation virtual memory usage: begin = 830.052 MB, end = 871.54 MB, delta = 41.488 MB
	Bitstream generation peak virtual memory usage = 981.964 MB
Bitstream generation resident set memory usage: begin = 810.564 MB, end = 843.884 MB, delta = 33.32 MB
	Bitstream generation peak resident set memory usage = 929.616 MB
***** Ending stage bitstream generation *****
The entire flow of EFX_PNR took 40.3429 seconds.
	The entire flow of EFX_PNR took 50.1094 seconds (approximately) in total CPU time.
The entire flow of EFX_PNR virtual memory usage: begin = 6.364 MB, end = 135.04 MB, delta = 128.676 MB
	The entire flow of EFX_PNR peak virtual memory usage = 981.964 MB
The entire flow of EFX_PNR resident set memory usage: begin = 12.772 MB, end = 122.576 MB, delta = 109.804 MB
	The entire flow of EFX_PNR peak resident set memory usage = 929.616 MB
Running: efx_run_pgm.py T35_EXTERNAL_TRIGGER --family Trion --device T35F324 --output_dir outflow --opt mode=active width=4 enable_roms=smart spi_low_power_mode=off io_weak_pullup=off oscillator_clock_divider=DIV4 bitstream_compression=off enable_external_master_clock=off active_capture_clk_edge=posedge jtag_usercode=0x54333501 release_tri_then_reset=on four_byte_addressing=off
C:/Efinity/2021.2\bin\efx_pgm.exe --interface_designer_settings outflow\T35_EXTERNAL_TRIGGER_or.ini --periph outflow\T35_EXTERNAL_TRIGGER.lpf --family Trion --device T35F324 --source C:\T35_ET\work_pnr\T35_EXTERNAL_TRIGGER.lbf --dest outflow\T35_EXTERNAL_TRIGGER.hex --mode=active --width=4 --enable_roms=smart --spi_low_power_mode=off --io_weak_pullup=off --oscillator_clock_divider=DIV4 --bitstream_compression=off --enable_external_master_clock=off --active_capture_clk_edge=posedge --jtag_usercode=0x54333501 --release_tri_then_reset=on --four_byte_addressing=off

Efinix FPGA Bitstream Generator.
Version: 2021.2.323.2.18 
Copyright (C) 2013 - 2021 Efinix Inc. All rights reserved.

Compiled: Mar 16 2022.

Using source file "C:\T35_ET\work_pnr\T35_EXTERNAL_TRIGGER.lbf"
Generating HEX programming file for device "T35F324", family "Trion"
Using periphery source file "outflow\T35_EXTERNAL_TRIGGER.lpf"
Generating bit file: "outflow\T35_EXTERNAL_TRIGGER.bit"
HEX Generation Options Summary:
	Listing options specified to bitstream generation:
	spi_low_power_mode                       = off
	oscillator_clock_divider                 = DIV4
	io_weak_pullup                           = off
	release_tri_then_reset                   = on
Finished generating "outflow\T35_EXTERNAL_TRIGGER.hex"
Efinity Bitstream Generator took 2.26387 seconds.
	Efinity Bitstream Generator took 1.23438 seconds (approximately) in total CPU time.
Efinity Bitstream Generator virtual memory usage: begin = 2.544 MB, end = 5.892 MB, delta = 3.348 MB
	Efinity Bitstream Generator peak virtual memory usage = 75.708 MB
Efinity Bitstream Generator resident set memory usage: begin = 7.888 MB, end = 13.156 MB, delta = 5.268 MB
	Efinity Bitstream Generator peak resident set memory usage = 66.296 MB
