
Efinix FPGA Placement and Routing.
Version: 2021.2.323.2.18 
Compiled: Mar 16 2022.

Copyright (C) 2013 - 2021 Efinix Inc. All rights reserved.


The Tool Is Based on VPR of University of Toronto,
a free open source code under MIT license.


Running Placement and Routing for Family "Trion", Device "T35F324" ...

***** Beginning stage routing graph generation ... *****
Read ipin pattern from C:/Efinity/2021.2/arch/./ipin_oph.xml
Finished parsing ipin pattern file 'C:/Efinity/2021.2/arch/./ipin_oph.xdb'.
Finished parsing switch_block file 'C:/Efinity/2021.2/arch/.\sb_connectivity_subset.xdb'.
BuildGraph process took 3.7278 seconds.
	BuildGraph process took 3.67188 seconds (approximately) in total CPU time.
BuildGraph process virtual memory usage: begin = 179.68 MB, end = 797.204 MB, delta = 617.524 MB
	BuildGraph process peak virtual memory usage = 804.828 MB
BuildGraph process resident set memory usage: begin = 183.56 MB, end = 776.26 MB, delta = 592.7 MB
	BuildGraph process peak resident set memory usage = 783.784 MB
check rr_graph process took 0.0615849 seconds.
	check rr_graph process took 0.0625 seconds (approximately) in total CPU time.
check rr_graph process virtual memory usage: begin = 820.316 MB, end = 820.316 MB, delta = 0 MB
	check rr_graph process peak virtual memory usage = 860.264 MB
check rr_graph process resident set memory usage: begin = 799.324 MB, end = 799.348 MB, delta = 0.024 MB
	check rr_graph process peak resident set memory usage = 839.196 MB
Generated 1952726 RR nodes and 7297623 RR edges
This design has 0 global control net(s). See outflow\T35_EXTERNAL_TRIGGER.route.rpt for details.
Routing graph took 3.86361 seconds.
	Routing graph took 3.79688 seconds (approximately) in total CPU time.
Routing graph virtual memory usage: begin = 178.296 MB, end = 755.364 MB, delta = 577.068 MB
	Routing graph peak virtual memory usage = 860.264 MB
Routing graph resident set memory usage: begin = 182.752 MB, end = 734.548 MB, delta = 551.796 MB
	Routing graph peak resident set memory usage = 839.196 MB
***** Ending stage routing graph generation *****
***** Beginning stage routing ... *****

 ---------      -------     --------------      -------------
 Iteration      Overuse     Crit Path (ns)      Calc Time (s)
 ---------      -------     --------------      -------------
         1        12731              8.486               2.41
         2         2394               8.58               1.12
         3         1447               8.58              0.627
         4          834              8.619              0.484
         5          457              8.619              0.386
         6          251              8.518              0.262
         7          170              8.678               0.23
         8          108              8.518              0.384
         9           62              8.877              0.304
        10           52              9.275              0.602
        11           33              8.724              0.221
        12           13              9.416              0.314
        13            8              8.868              0.322
        14            4              9.145              0.119
        15            7              9.419              0.121
        16            4              9.275              0.539
        17            1              9.664              0.993
        18            1              9.357              0.122
        19            1              9.357              0.631
        20            1              9.357              0.566
        21            0              9.357              0.119

Successfully routed netlist after 21 routing iterations and 64920926 heapops
Completed net delay value cross check successfully.

***** Beginning stage routing check ... *****
***** Ending stage routing check *****

Serial number (magic cookie) for the routing is: 1309553809
Netlist fully routed.

Successfully created FPGA route file 'outflow\T35_EXTERNAL_TRIGGER.route'
Routing took 11.1739 seconds.
	Routing took 11.1406 seconds (approximately) in total CPU time.
Routing virtual memory usage: begin = 757.18 MB, end = 825.3 MB, delta = 68.12 MB
	Routing peak virtual memory usage = 981.964 MB
Routing resident set memory usage: begin = 736.296 MB, end = 805.428 MB, delta = 69.132 MB
	Routing peak resident set memory usage = 929.616 MB
***** Ending stage routing *****
***** Beginning stage final timing analysis ... *****

Maximum possible analyzed clocks frequency
Clock Name          Period (ns)   Frequency (MHz)   Edge
syspll_CLKOUT100          9.477         105.520     (R-R)

Geomean max period: 9.477

Setup (Max) Clock Relationship
Launch Clock      Capture Clock     Constraint (ns)   Slack (ns)    Edge
syspll_CLKOUT100   syspll_CLKOUT100       10.000         0.523     (R-R)

Hold (Min) Clock Relationship
Launch Clock      Capture Clock     Constraint (ns)   Slack (ns)    Edge
syspll_CLKOUT100   syspll_CLKOUT100        0.000         0.306     (R-R)


final timing analysis took 0.14119 seconds.
	final timing analysis took 0.140625 seconds (approximately) in total CPU time.
final timing analysis virtual memory usage: begin = 825.3 MB, end = 830.052 MB, delta = 4.752 MB
	final timing analysis peak virtual memory usage = 981.964 MB
final timing analysis resident set memory usage: begin = 805.436 MB, end = 810.548 MB, delta = 5.112 MB
	final timing analysis peak resident set memory usage = 929.616 MB
***** Ending stage final timing analysis *****
***** Beginning stage bitstream generation ... *****
Reading core interface constraints from 'outflow\T35_EXTERNAL_TRIGGER.interface.csv'.
Successfully processed interface constraints file "outflow\T35_EXTERNAL_TRIGGER.interface.csv".
Finished writing bitstream file work_pnr\T35_EXTERNAL_TRIGGER.lbf.
Bitstream generation took 0.498555 seconds.
	Bitstream generation took 0.46875 seconds (approximately) in total CPU time.
Bitstream generation virtual memory usage: begin = 830.052 MB, end = 871.54 MB, delta = 41.488 MB
	Bitstream generation peak virtual memory usage = 981.964 MB
Bitstream generation resident set memory usage: begin = 810.564 MB, end = 843.884 MB, delta = 33.32 MB
	Bitstream generation peak resident set memory usage = 929.616 MB
***** Ending stage bitstream generation *****
The entire flow of EFX_PNR took 40.3429 seconds.
	The entire flow of EFX_PNR took 50.1094 seconds (approximately) in total CPU time.
The entire flow of EFX_PNR virtual memory usage: begin = 6.364 MB, end = 135.04 MB, delta = 128.676 MB
	The entire flow of EFX_PNR peak virtual memory usage = 981.964 MB
The entire flow of EFX_PNR resident set memory usage: begin = 12.772 MB, end = 122.576 MB, delta = 109.804 MB
	The entire flow of EFX_PNR peak resident set memory usage = 929.616 MB
