
Efinix Static Timing Analysis Report
Version: 2021.2.323.2.18 
Date: Fri Aug 28 10:47:22 2026

Copyright (C) 2013 - 2021 Efinix Inc. All rights reserved.
 
Top-level Entity Name: T35_FRAMEWORK

SDC Filename: SRC/T35TOP_SDC.sdc

Timing Model: I4
	temperature : -40C to 100C
	voltage : 1.2V +/-50mV
	speedgrade : 4
	technology : s40ll
	status : final

---------- Table of Contents (begin) ----------
   1. Clock Frequency Summary 
   2. Clock Relationship Summary 
   3. Path Details for Max Critical Paths 
   4. Path Details for Min Critical Paths 
---------- Table of Contents (end) ------------

---------- 1. Clock Frequency Summary (begin) ----------

User target constrained clocks
Clock Name            Period (ns)   Frequency (MHz)   Waveform   Source Clock Name
sysclk_in                  20.000          50.000         {0.000 10.000}        sysclk
ddrrefclk                  10.000         100.000         {0.000 5.000}        virtual
syspll_CLKOUT100           10.000         100.000         {0.000 5.000}        syspll_CLKOUT100
syspll_CLKOUT25            40.000          25.000         {0.000 20.000}        syspll_CLKOUT25
CMOSPLL_CMOSCLKOUT        166.670           6.000         {0.000 83.335}        CMOSPLL_CMOSCLKOUT

Maximum possible analyzed clocks frequency
Clock Name            Period (ns)   Frequency (MHz)   Edge
syspll_CLKOUT100            8.923         112.074     (R-R)
syspll_CLKOUT25            17.233          58.030     (R-R)

Geomean max period: 12.400

---------- Clock Frequency Summary (end) ---------------

---------- 2. Clock Relationship Summary (begin) ----------

Setup (Max) Clock Relationship
Launch Clock        Capture Clock       Constraint (ns)   Slack (ns)    Edge
syspll_CLKOUT100     syspll_CLKOUT100         10.000         1.077     (R-R)
syspll_CLKOUT100     syspll_CLKOUT25          40.000        32.102     (R-R)
syspll_CLKOUT25      syspll_CLKOUT100         40.000        30.938     (R-R)
syspll_CLKOUT25      syspll_CLKOUT25          40.000        22.767     (R-R)

Hold (Min) Clock Relationship
Launch Clock        Capture Clock       Constraint (ns)   Slack (ns)    Edge
syspll_CLKOUT100     syspll_CLKOUT100          0.000         0.117     (R-R)
syspll_CLKOUT100     syspll_CLKOUT25           0.000         0.411     (R-R)
syspll_CLKOUT25      syspll_CLKOUT100          0.000         0.307     (R-R)
syspll_CLKOUT25      syspll_CLKOUT25           0.000         0.086     (R-R)

NOTE: Values are in nanoseconds.

---------- Clock Relationship Summary (end) ---------------

---------- 3. Path Details for Max Critical Paths (begin) ----------


######################################################################
Path Detail Report (syspll_CLKOUT100 vs syspll_CLKOUT100)
######################################################################


++++ Path 1 ++++++++++++++++++++++++++++++++++++++++++++++++++++++++++

Path Begin    : DDR_CTRL_RDATA_0[6]
Path End      : Ddr3Mig_Top_inst/ddr3_state_inst/check_err1~FF|SR
Launch Clock  : syspll_CLKOUT100 (RISE)
Capture Clock : syspll_CLKOUT100 (RISE)
Slack         : 1.077  (required time - arrival time)
Delay         : 5.549

Logic Level : 5
Non-global nets on path : 6
Global nets on path     : 0

Launch Clock Path Delay        :  0.000
+ Data Path Delay              :  5.803
+ Input Delay                  :  7.310
--------------------------------------------
End-of-path arrival time       : 13.113

Constraint                     : 10.000
+ Capture Clock Path Delay     :  4.310
- Clock Uncertainty            :  0.120
--------------------------------------------
End-of-path required time      : 14.190


Data Path
pin name                                             model name    delay (ns)   cumulative delay (ns)    pins on net   location
================================================================================================================================
 DDR_CTRL_RDATA_0[6]                                  inpad            0.200                  0.200           3          (130,18)
 DDR_CTRL_RDATA_0[6]                                  io               1.153                  1.353           3          (130,18)
   Routing elements:  
     Manhattan distance of X:2, Y:13
 LUT__15957|I[0]                                      eft              0.267                  1.620           3          (128,31)
 LUT__15957|in[0]                                     lut              0.000                  1.620           3          (128,31)
 LUT__15957|out                                       lut              0.000                  1.620           2          (128,31)
 LUT__15957|O                                         eft              0.337                  1.957           2          (128,31)
   Routing elements:  
     Manhattan distance of X:0, Y:1
 LUT__15958|I[3]                                      eft              0.116                  2.073           2          (128,30)
 LUT__15958|in[3]                                     lut              0.000                  2.073           2          (128,30)
 LUT__15958|out                                       lut              0.000                  2.073           2          (128,30)
 LUT__15958|O                                         eft              0.431                  2.504           2          (128,30)
   Routing elements:  
     Manhattan distance of X:6, Y:0
 LUT__15960|I[0]                                      eft              0.267                  2.771           2          (122,30)
 LUT__15960|in[0]                                     lut              0.000                  2.771           2          (122,30)
 LUT__15960|out                                       lut              0.000                  2.771           2          (122,30)
 LUT__15960|O                                         eft              0.784                  3.554           2          (122,30)
   Routing elements:  
     Manhattan distance of X:2, Y:2
 LUT__15961|I[1]                                      eft              0.223                  3.778           2          (120,28)
 LUT__15961|in[1]                                     lut              0.000                  3.778           2          (120,28)
 LUT__15961|out                                       lut              0.000                  3.778           2          (120,28)
 LUT__15961|O                                         eft              0.584                  4.362           2          (120,28)
   Routing elements:  
     Manhattan distance of X:0, Y:25
 LUT__15962|I[0]                                      eft              0.267                  4.629           2          (120,53)
 LUT__15962|in[0]                                     lut              0.000                  4.629           2          (120,53)
 LUT__15962|out                                       lut              0.000                  4.629           2          (120,53)
 LUT__15962|O                                         eft              0.920                  5.549           2          (120,53)
   Routing elements:  
     Manhattan distance of X:0, Y:1
 Ddr3Mig_Top_inst/ddr3_state_inst/check_err1~FF|SR    ff               0.253                  5.803           2          (120,54)

Capture Clock Path
pin name                                              model name    delay (ns)   cumulative delay (ns)    pins on net   location
=================================================================================================================================
 syspll_CLKOUT100                                      inpad           0.000                  0.000           2          (0,241)
 syspll_CLKOUT100                                      inpad           0.200                  0.200           2          (0,241)
 syspll_CLKOUT100                                      io              0.000                  0.200           2          (0,241)
   Routing elements:  
     Manhattan distance of X:1, Y:0
 CLKBUF__1|IO_in                                       gbuf_block      0.320                  0.520           2          (1,241)
 CLKBUF__1|I                                           gbuf            3.790                  4.310           2          (1,241)
 CLKBUF__1|O                                           gbuf            0.000                  4.310        2194          (1,241)
 CLKBUF__1|clkout                                      gbuf_block      0.000                  4.310        2194          (1,241)
 Ddr3Mig_Top_inst/ddr3_state_inst/check_err1~FF|CLK    ff              0.000                  4.310        2194          (120,54)

######################################################################
Path Detail Report (syspll_CLKOUT100 vs syspll_CLKOUT25)
######################################################################


++++ Path 1 ++++++++++++++++++++++++++++++++++++++++++++++++++++++++++

Path Begin    : mipi_rx_inst1_ERROR[3]
Path End      : i2cSlave0_inst/u_registerInterface/i2cSlave0_inst/dataFromRegIF[7]~FF|D
Launch Clock  : syspll_CLKOUT100 (RISE)
Capture Clock : syspll_CLKOUT25 (RISE)
Slack         : 32.102  (required time - arrival time)
Delay         : 6.714

Logic Level : 4
Non-global nets on path : 4
Global nets on path     : 0

Launch Clock Path Delay        :  0.000
+ Data Path Delay              :  6.831
+ Input Delay                  :  5.257
--------------------------------------------
End-of-path arrival time       : 12.088

Constraint                     : 40.000
+ Capture Clock Path Delay     :  4.310
- Clock Uncertainty            :  0.120
--------------------------------------------
End-of-path required time      : 44.190


Data Path
pin name                                                                       model name    delay (ns)   cumulative delay (ns)    pins on net   location
==========================================================================================================================================================
 mipi_rx_inst1_ERROR[3]                                                         inpad            0.200                  0.200           2          (130,328)
 mipi_rx_inst1_ERROR[3]                                                         io               1.606                  1.806           2          (130,328)
   Routing elements:  
     Manhattan distance of X:4, Y:3
 LUT__18148|I[2]                                                                eft              0.161                  1.967           2          (126,325)
 LUT__18148|in[2]                                                               lut              0.000                  1.967           2          (126,325)
 LUT__18148|out                                                                 lut              0.000                  1.967           2          (126,325)
 LUT__18148|O                                                                   eft              1.742                  3.709           2          (126,325)
   Routing elements:  
     Manhattan distance of X:0, Y:88
 LUT__18149|I[2]                                                                eft              0.161                  3.870           2          (126,237)
 LUT__18149|in[2]                                                               lut              0.000                  3.870           2          (126,237)
 LUT__18149|out                                                                 lut              0.000                  3.870           2          (126,237)
 LUT__18149|O                                                                   eft              1.115                  4.984           2          (126,237)
   Routing elements:  
     Manhattan distance of X:20, Y:4
 LUT__18151|I[0]                                                                eft              0.267                  5.251           2          (106,233)
 LUT__18151|in[0]                                                               lut              0.000                  5.251           2          (106,233)
 LUT__18151|out                                                                 lut              0.000                  5.251           2          (106,233)
 LUT__18151|O                                                                   eft              1.346                  6.598           2          (106,233)
   Routing elements:  
     Manhattan distance of X:38, Y:9
 i2cSlave0_inst/u_registerInterface/i2cSlave0_inst/dataFromRegIF[7]~FF|I[3]     eft              0.116                  6.714           2          (68,224)
 LUT__18154|in[3]                                                               lut              0.000                  6.714           2          (68,224)
 LUT__18154|out                                                                 lut              0.000                  6.714           2          (68,224)
 i2cSlave0_inst/u_registerInterface/i2cSlave0_inst/dataFromRegIF[7]~FF|D        ff               0.118                  6.831           2          (68,224)

Capture Clock Path
pin name                                                                     model name    delay (ns)   cumulative delay (ns)    pins on net   location
========================================================================================================================================================
 syspll_CLKOUT25                                                              inpad           0.000                  0.000           3          (0,239)
 syspll_CLKOUT25                                                              inpad           0.200                  0.200           3          (0,239)
 syspll_CLKOUT25                                                              io              0.000                  0.200           3          (0,239)
   Routing elements:  
     Manhattan distance of X:1, Y:0
 CLKBUF__0|IO_in                                                              gbuf_block      0.320                  0.520           3          (1,239)
 CLKBUF__0|I                                                                  gbuf            3.790                  4.310           3          (1,239)
 CLKBUF__0|O                                                                  gbuf            0.000                  4.310        1315          (1,239)
 CLKBUF__0|clkout                                                             gbuf_block      0.000                  4.310        1315          (1,239)
 i2cSlave0_inst/u_registerInterface/i2cSlave0_inst/dataFromRegIF[7]~FF|CLK    ff              0.000                  4.310        1315          (68,224)

######################################################################
Path Detail Report (syspll_CLKOUT25 vs syspll_CLKOUT100)
######################################################################


++++ Path 1 ++++++++++++++++++++++++++++++++++++++++++++++++++++++++++

Path Begin    : i2cSlave0_inst/u_registerInterface/PatchVNumber[22]~FF|CLK
Path End      : data_process_inst/counterEnd[0]_2~FF|CE
Launch Clock  : syspll_CLKOUT25 (RISE)
Capture Clock : syspll_CLKOUT100 (RISE)
Slack         : 30.938  (required time - arrival time)
Delay         : 8.486

Logic Level : 6
Non-global nets on path : 7
Global nets on path     : 0

Launch Clock Path Delay        :  4.310
+ Clock To Q + Data Path Delay :  8.942
--------------------------------------------
End-of-path arrival time       : 13.252

Constraint                     : 40.000
+ Capture Clock Path Delay     :  4.310
- Clock Uncertainty            :  0.120
--------------------------------------------
End-of-path required time      : 44.190


Launch Clock Path
pin name                                                      model name    delay (ns)   cumulative delay (ns)    pins on net   location
=========================================================================================================================================
 syspll_CLKOUT25                                               inpad           0.000                  0.000           3          (0,239)
 syspll_CLKOUT25                                               inpad           0.200                  0.200           3          (0,239)
 syspll_CLKOUT25                                               io              0.000                  0.200           3          (0,239)
   Routing elements:  
     Manhattan distance of X:1, Y:0
 CLKBUF__0|IO_in                                               gbuf_block      0.320                  0.520           3          (1,239)
 CLKBUF__0|I                                                   gbuf            3.790                  4.310           3          (1,239)
 CLKBUF__0|O                                                   gbuf            0.000                  4.310        1315          (1,239)
 CLKBUF__0|clkout                                              gbuf_block      0.000                  4.310        1315          (1,239)
 i2cSlave0_inst/u_registerInterface/PatchVNumber[22]~FF|CLK    ff              0.000                  4.310        1315          (70,242)

Data Path
pin name                                                        model name    delay (ns)   cumulative delay (ns)    pins on net   location
===========================================================================================================================================
 i2cSlave0_inst/u_registerInterface/PatchVNumber[22]~FF|Q        ff               0.282                  0.282           3          (70,242)
 i2cSlave0_inst/u_registerInterface/PatchVNumber[22]~FF|O_seq    eft              2.131                  2.412           3          (70,242)
   Routing elements:  
     Manhattan distance of X:12, Y:1
 LUT__15042|I[3]                                                 eft              0.116                  2.528           3          (82,241)
 LUT__15042|in[3]                                                lut              0.000                  2.529           3          (82,241)
 LUT__15042|out                                                  lut              0.000                  2.529           3          (82,241)
 LUT__15042|O                                                    eft              1.237                  3.766           3          (82,241)
   Routing elements:  
     Manhattan distance of X:5, Y:1
 LUT__15047|I[2]                                                 efl              0.147                  3.913           3          (77,242)
 LUT__15047|in[2]                                                lut              0.000                  3.913           3          (77,242)
 LUT__15047|out                                                  lut              0.000                  3.913           2          (77,242)
 LUT__15047|O                                                    efl              0.431                  4.344           2          (77,242)
   Routing elements:  
     Manhattan distance of X:5, Y:0
 LUT__15052|I[2]                                                 eft              0.161                  4.505           2          (82,242)
 LUT__15052|in[2]                                                lut              0.000                  4.505           2          (82,242)
 LUT__15052|out                                                  lut              0.000                  4.505           2          (82,242)
 LUT__15052|O                                                    eft              0.875                  5.380           2          (82,242)
   Routing elements:  
     Manhattan distance of X:16, Y:0
 LUT__15053|I[0]                                                 eft              0.267                  5.647           2          (98,242)
 LUT__15053|in[0]                                                lut              0.000                  5.647           2          (98,242)
 LUT__15053|out                                                  lut              0.000                  5.647           2          (98,242)
 LUT__15053|O                                                    eft              0.336                  5.983           2          (98,242)
   Routing elements:  
     Manhattan distance of X:0, Y:2
 LUT__15058|I[0]                                                 eft              0.267                  6.250           2          (98,244)
 LUT__15058|in[0]                                                lut              0.000                  6.250           2          (98,244)
 LUT__15058|out                                                  lut              0.000                  6.250           5          (98,244)
 LUT__15058|O                                                    eft              0.877                  7.128           5          (98,244)
   Routing elements:  
     Manhattan distance of X:12, Y:0
 LUT__15063|I[0]                                                 eft              0.267                  7.395           5          (86,244)
 LUT__15063|in[0]                                                lut              0.000                  7.395           5          (86,244)
 LUT__15063|out                                                  lut              0.000                  7.395          33          (86,244)
 LUT__15063|O                                                    eft              1.372                  8.767          33          (86,244)
   Routing elements:  
     Manhattan distance of X:4, Y:2
 data_process_inst/counterEnd[0]_2~FF|CE                         ff               0.175                  8.942          33          (90,246)

Capture Clock Path
pin name                                    model name    delay (ns)   cumulative delay (ns)    pins on net   location
=======================================================================================================================
 syspll_CLKOUT100                            inpad           0.000                  0.000           2          (0,241)
 syspll_CLKOUT100                            inpad           0.200                  0.200           2          (0,241)
 syspll_CLKOUT100                            io              0.000                  0.200           2          (0,241)
   Routing elements:  
     Manhattan distance of X:1, Y:0
 CLKBUF__1|IO_in                             gbuf_block      0.320                  0.520           2          (1,241)
 CLKBUF__1|I                                 gbuf            3.790                  4.310           2          (1,241)
 CLKBUF__1|O                                 gbuf            0.000                  4.310        2194          (1,241)
 CLKBUF__1|clkout                            gbuf_block      0.000                  4.310        2194          (1,241)
 data_process_inst/counterEnd[0]_2~FF|CLK    ff              0.000                  4.310        2194          (90,246)

######################################################################
Path Detail Report (syspll_CLKOUT25 vs syspll_CLKOUT25)
######################################################################


++++ Path 1 ++++++++++++++++++++++++++++++++++++++++++++++++++++++++++

Path Begin    : i2cSlave0_inst/u_registerInterface/ExpTime[3]~FF|CLK
Path End      : CmosControl_inst/SlaveControl_2022_inst/TR_IntervalTime[3]~FF|D
Launch Clock  : syspll_CLKOUT25 (RISE)
Capture Clock : syspll_CLKOUT25 (RISE)
Slack         : 22.767  (required time - arrival time)
Delay         : 16.713

Logic Level : 9
Non-global nets on path : 9
Global nets on path     : 0

Launch Clock Path Delay        :  4.310
+ Clock To Q + Data Path Delay : 17.113
--------------------------------------------
End-of-path arrival time       : 21.423

Constraint                     : 40.000
+ Capture Clock Path Delay     :  4.310
- Clock Uncertainty            :  0.120
--------------------------------------------
End-of-path required time      : 44.190


Launch Clock Path
pin name                                                model name    delay (ns)   cumulative delay (ns)    pins on net   location
===================================================================================================================================
 syspll_CLKOUT25                                         inpad           0.000                  0.000           3          (0,239)
 syspll_CLKOUT25                                         inpad           0.200                  0.200           3          (0,239)
 syspll_CLKOUT25                                         io              0.000                  0.200           3          (0,239)
   Routing elements:  
     Manhattan distance of X:1, Y:0
 CLKBUF__0|IO_in                                         gbuf_block      0.320                  0.520           3          (1,239)
 CLKBUF__0|I                                             gbuf            3.790                  4.310           3          (1,239)
 CLKBUF__0|O                                             gbuf            0.000                  4.310        1315          (1,239)
 CLKBUF__0|clkout                                        gbuf_block      0.000                  4.310        1315          (1,239)
 i2cSlave0_inst/u_registerInterface/ExpTime[3]~FF|CLK    ff              0.000                  4.310        1315          (10,284)

Data Path
pin name                                                                      model name    delay (ns)   cumulative delay (ns)    pins on net   location
=========================================================================================================================================================
 i2cSlave0_inst/u_registerInterface/ExpTime[3]~FF|Q                            ff               0.282                  0.282           8          (10,284)
 i2cSlave0_inst/u_registerInterface/ExpTime[3]~FF|O_seq                        eft              1.681                  1.963           8          (10,284)
   Routing elements:  
     Manhattan distance of X:6, Y:7
 LUT__13417|I[0]                                                               eft              0.267                  2.230           8          (4,277)
 LUT__13417|in[0]                                                              lut              0.000                  2.230           8          (4,277)
 LUT__13417|out                                                                lut              0.000                  2.230           2          (4,277)
 LUT__13417|O                                                                  eft              0.839                  3.069           2          (4,277)
   Routing elements:  
     Manhattan distance of X:11, Y:0
 LUT__13419|I[2]                                                               efl              0.147                  3.216           2          (15,277)
 LUT__13419|in[2]                                                              lut              0.000                  3.217           2          (15,277)
 LUT__13419|out                                                                lut              0.000                  3.217           5          (15,277)
 LUT__13419|O                                                                  efl              1.444                  4.661           5          (15,277)
   Routing elements:  
     Manhattan distance of X:7, Y:14
 LUT__13426|I[2]                                                               eft              0.161                  4.822           5          (22,291)
 LUT__13426|in[2]                                                              lut              0.000                  4.822           5          (22,291)
 LUT__13426|out                                                                lut              0.000                  4.822           3          (22,291)
 LUT__13426|O                                                                  eft              1.021                  5.843           3          (22,291)
   Routing elements:  
     Manhattan distance of X:3, Y:8
 LUT__13432|I[0]                                                               efl              0.251                  6.094           3          (25,299)
 LUT__13432|in[0]                                                              lut              0.000                  6.094           3          (25,299)
 LUT__13432|out                                                                lut              0.000                  6.094           5          (25,299)
 LUT__13432|O                                                                  efl              2.786                  8.880           5          (25,299)
   Routing elements:  
     Manhattan distance of X:14, Y:32
 LUT__13446|I[3]                                                               efl              0.115                  8.995           5          (39,331)
 LUT__13446|in[3]                                                              lut              0.000                  8.995           5          (39,331)
 LUT__13446|out                                                                lut              0.000                  8.995           3          (39,331)
 LUT__13446|O                                                                  efl              1.010                 10.005           3          (39,331)
   Routing elements:  
     Manhattan distance of X:4, Y:12
 LUT__13462|I[0]                                                               efl              0.251                 10.256           3          (43,343)
 LUT__13462|in[0]                                                              lut              0.000                 10.256           3          (43,343)
 LUT__13462|out                                                                lut              0.000                 10.256           5          (43,343)
 LUT__13462|O                                                                  efl              2.104                 12.360           5          (43,343)
   Routing elements:  
     Manhattan distance of X:27, Y:24
 LUT__13470|I[2]                                                               eft              0.161                 12.521           5          (16,367)
 LUT__13470|in[2]                                                              lut              0.000                 12.521           5          (16,367)
 LUT__13470|out                                                                lut              0.000                 12.521           4          (16,367)
 LUT__13470|O                                                                  eft              0.337                 12.858           4          (16,367)
   Routing elements:  
     Manhattan distance of X:0, Y:1
 CmosControl_inst/SlaveControl_2022_inst/TR_IntervalTime[21]~FF_brt_8|I[3]     eft              0.116                 12.974           4          (16,366)
 LUT__13479|in[3]                                                              lut              0.000                 12.974           4          (16,366)
 LUT__13479|out                                                                lut              0.000                 12.974          30          (16,366)
 CmosControl_inst/SlaveControl_2022_inst/TR_IntervalTime[21]~FF_brt_8|O        eft              3.754                 16.728          29          (16,366)
   Routing elements:  
     Manhattan distance of X:6, Y:62
 CmosControl_inst/SlaveControl_2022_inst/TR_IntervalTime[3]~FF|I[0]            eft              0.267                 16.995          30          (10,304)
 LUT__13789|in[0]                                                              lut              0.000                 16.995          30          (10,304)
 LUT__13789|out                                                                lut              0.000                 16.995           2          (10,304)
 CmosControl_inst/SlaveControl_2022_inst/TR_IntervalTime[3]~FF|D               ff               0.118                 17.113           2          (10,304)

Capture Clock Path
pin name                                                             model name    delay (ns)   cumulative delay (ns)    pins on net   location
================================================================================================================================================
 syspll_CLKOUT25                                                      inpad           0.000                  0.000           3          (0,239)
 syspll_CLKOUT25                                                      inpad           0.200                  0.200           3          (0,239)
 syspll_CLKOUT25                                                      io              0.000                  0.200           3          (0,239)
   Routing elements:  
     Manhattan distance of X:1, Y:0
 CLKBUF__0|IO_in                                                      gbuf_block      0.320                  0.520           3          (1,239)
 CLKBUF__0|I                                                          gbuf            3.790                  4.310           3          (1,239)
 CLKBUF__0|O                                                          gbuf            0.000                  4.310        1315          (1,239)
 CLKBUF__0|clkout                                                     gbuf_block      0.000                  4.310        1315          (1,239)
 CmosControl_inst/SlaveControl_2022_inst/TR_IntervalTime[3]~FF|CLK    ff              0.000                  4.310        1315          (10,304)

---------- Path Details for Max Critical Paths (end) ---------------

---------- 4. Path Details for Min Critical Paths (begin) ----------


######################################################################
Path Detail Report (syspll_CLKOUT25 vs syspll_CLKOUT25)
######################################################################


++++ Path 1 ++++++++++++++++++++++++++++++++++++++++++++++++++++++++++

Path Begin    : gps_decoder_inst/u_GPS_FIFO/u_efx_fifo_top/xefx_fifo_ctl/gps_decoder_inst/u_GPS_FIFO/u_efx_fifo_top/waddr[0]_2~FF|CLK
Path End      : gps_decoder_inst/u_GPS_FIFO/u_efx_fifo_top/xefx_fifo_ram/ram|WADDR[8]
Launch Clock  : syspll_CLKOUT25 (RISE)
Capture Clock : syspll_CLKOUT25 (RISE)
Slack         : 0.086  (arrival time - required time)
Delay         : 0.170

Logic Level : 0
Non-global nets on path : 1
Global nets on path     : 0

Launch Clock Path Delay        :  2.155
+ Clock To Q + Data Path Delay :  0.146
--------------------------------------------
End-of-path arrival time       :  2.301

Constraint                     :  0.000
+ Capture Clock Path Delay     :  2.155
+ Clock Uncertainty            :  0.060
--------------------------------------------
End-of-path required time      :  2.215


Launch Clock Path
pin name                                                                                                                 model name    delay (ns)   cumulative delay (ns)    pins on net   location
====================================================================================================================================================================================================
 syspll_CLKOUT25                                                                                                          inpad           0.000                  0.000           3          (0,239)
 syspll_CLKOUT25                                                                                                          inpad           0.100                  0.100           3          (0,239)
 syspll_CLKOUT25                                                                                                          io              0.000                  0.100           3          (0,239)
   Routing elements:  
     Manhattan distance of X:1, Y:0
 CLKBUF__0|IO_in                                                                                                          gbuf_block      0.160                  0.260           3          (1,239)
 CLKBUF__0|I                                                                                                              gbuf            1.895                  2.155           3          (1,239)
 CLKBUF__0|O                                                                                                              gbuf            0.000                  2.155        1315          (1,239)
 CLKBUF__0|clkout                                                                                                         gbuf_block      0.000                  2.155        1315          (1,239)
 gps_decoder_inst/u_GPS_FIFO/u_efx_fifo_top/xefx_fifo_ctl/gps_decoder_inst/u_GPS_FIFO/u_efx_fifo_top/waddr[0]_2~FF|CLK    ff              0.000                  2.155        1315          (98,238)

Data Path
pin name                                                                                                                   model name     delay (ns)   cumulative delay (ns)    pins on net   location
=======================================================================================================================================================================================================
 gps_decoder_inst/u_GPS_FIFO/u_efx_fifo_top/xefx_fifo_ctl/gps_decoder_inst/u_GPS_FIFO/u_efx_fifo_top/waddr[0]_2~FF|Q        ff                0.141                  0.141           8          (98,238)
 gps_decoder_inst/u_GPS_FIFO/u_efx_fifo_top/xefx_fifo_ctl/gps_decoder_inst/u_GPS_FIFO/u_efx_fifo_top/waddr[0]_2~FF|O_seq    eft               0.170                  0.311           8          (98,238)
   Routing elements:  
     Manhattan distance of X:3, Y:16
 gps_decoder_inst/u_GPS_FIFO/u_efx_fifo_top/xefx_fifo_ram/ram|WADDR[8]                                                      ram_4096x20      -0.165                  0.146           8          (95,222)

Capture Clock Path
pin name                                                             model name     delay (ns)   cumulative delay (ns)    pins on net   location
=================================================================================================================================================
 syspll_CLKOUT25                                                      inpad            0.000                  0.000           3          (0,239)
 syspll_CLKOUT25                                                      inpad            0.100                  0.100           3          (0,239)
 syspll_CLKOUT25                                                      io               0.000                  0.100           3          (0,239)
   Routing elements:  
     Manhattan distance of X:1, Y:0
 CLKBUF__0|IO_in                                                      gbuf_block       0.160                  0.260           3          (1,239)
 CLKBUF__0|I                                                          gbuf             1.895                  2.155           3          (1,239)
 CLKBUF__0|O                                                          gbuf             0.000                  2.155        1315          (1,239)
 CLKBUF__0|clkout                                                     gbuf_block       0.000                  2.155        1315          (1,239)
 gps_decoder_inst/u_GPS_FIFO/u_efx_fifo_top/xefx_fifo_ram/ram|WCLK    ram_4096x20      0.000                  2.155        1315          (95,222)

######################################################################
Path Detail Report (syspll_CLKOUT100 vs syspll_CLKOUT100)
######################################################################


++++ Path 1 ++++++++++++++++++++++++++++++++++++++++++++++++++++++++++

Path Begin    : Ddr3Mig_Top_inst/ddr3_state_inst/u_wrddr3_fifo/u_efx_fifo_top/xefx_fifo_ctl/Ddr3Mig_Top_inst/ddr3_state_inst/u_wrddr3_fifo/u_efx_fifo_top/raddr[2]~FF|CLK
Path End      : Ddr3Mig_Top_inst/ddr3_state_inst/u_wrddr3_fifo/u_efx_fifo_top/xefx_fifo_ram/ram__D$f12|RADDR[2]
Launch Clock  : syspll_CLKOUT100 (RISE)
Capture Clock : syspll_CLKOUT100 (RISE)
Slack         : 0.117  (arrival time - required time)
Delay         : 0.170

Logic Level : 0
Non-global nets on path : 1
Global nets on path     : 0

Launch Clock Path Delay        :  2.155
+ Clock To Q + Data Path Delay :  0.177
--------------------------------------------
End-of-path arrival time       :  2.332

Constraint                     :  0.000
+ Capture Clock Path Delay     :  2.155
+ Clock Uncertainty            :  0.060
--------------------------------------------
End-of-path required time      :  2.215


Launch Clock Path
pin name                                                                                                                                                     model name    delay (ns)   cumulative delay (ns)    pins on net   location
========================================================================================================================================================================================================================================
 syspll_CLKOUT100                                                                                                                                             inpad           0.000                  0.000           2          (0,241)
 syspll_CLKOUT100                                                                                                                                             inpad           0.100                  0.100           2          (0,241)
 syspll_CLKOUT100                                                                                                                                             io              0.000                  0.100           2          (0,241)
   Routing elements:  
     Manhattan distance of X:1, Y:0
 CLKBUF__1|IO_in                                                                                                                                              gbuf_block      0.160                  0.260           2          (1,241)
 CLKBUF__1|I                                                                                                                                                  gbuf            1.895                  2.155           2          (1,241)
 CLKBUF__1|O                                                                                                                                                  gbuf            0.000                  2.155        2194          (1,241)
 CLKBUF__1|clkout                                                                                                                                             gbuf_block      0.000                  2.155        2194          (1,241)
 Ddr3Mig_Top_inst/ddr3_state_inst/u_wrddr3_fifo/u_efx_fifo_top/xefx_fifo_ctl/Ddr3Mig_Top_inst/ddr3_state_inst/u_wrddr3_fifo/u_efx_fifo_top/raddr[2]~FF|CLK    ff              0.000                  2.155        2194          (92,84)

Data Path
pin name                                                                                                                                                       model name     delay (ns)   cumulative delay (ns)    pins on net   location
===========================================================================================================================================================================================================================================
 Ddr3Mig_Top_inst/ddr3_state_inst/u_wrddr3_fifo/u_efx_fifo_top/xefx_fifo_ctl/Ddr3Mig_Top_inst/ddr3_state_inst/u_wrddr3_fifo/u_efx_fifo_top/raddr[2]~FF|Q        ff                0.141                  0.141          15          (92,84)
 Ddr3Mig_Top_inst/ddr3_state_inst/u_wrddr3_fifo/u_efx_fifo_top/xefx_fifo_ctl/Ddr3Mig_Top_inst/ddr3_state_inst/u_wrddr3_fifo/u_efx_fifo_top/raddr[2]~FF|O_seq    eft               0.170                  0.311          15          (92,84)
   Routing elements:  
     Manhattan distance of X:3, Y:2
 Ddr3Mig_Top_inst/ddr3_state_inst/u_wrddr3_fifo/u_efx_fifo_top/xefx_fifo_ram/ram__D$f12|RADDR[2]                                                                ram_4096x20      -0.134                  0.177          15          (95,82)

Capture Clock Path
pin name                                                                                       model name     delay (ns)   cumulative delay (ns)    pins on net   location
===========================================================================================================================================================================
 syspll_CLKOUT100                                                                               inpad            0.000                  0.000           2          (0,241)
 syspll_CLKOUT100                                                                               inpad            0.100                  0.100           2          (0,241)
 syspll_CLKOUT100                                                                               io               0.000                  0.100           2          (0,241)
   Routing elements:  
     Manhattan distance of X:1, Y:0
 CLKBUF__1|IO_in                                                                                gbuf_block       0.160                  0.260           2          (1,241)
 CLKBUF__1|I                                                                                    gbuf             1.895                  2.155           2          (1,241)
 CLKBUF__1|O                                                                                    gbuf             0.000                  2.155        2194          (1,241)
 CLKBUF__1|clkout                                                                               gbuf_block       0.000                  2.155        2194          (1,241)
 Ddr3Mig_Top_inst/ddr3_state_inst/u_wrddr3_fifo/u_efx_fifo_top/xefx_fifo_ram/ram__D$f12|RCLK    ram_4096x20      0.000                  2.155        2194          (95,82)

######################################################################
Path Detail Report (syspll_CLKOUT100 vs syspll_CLKOUT25)
######################################################################


++++ Path 1 ++++++++++++++++++++++++++++++++++++++++++++++++++++++++++

Path Begin    : gps_decoder_inst/u_GPS_FIFO/u_efx_fifo_top/xefx_fifo_ctl/genblk7.raddr_cntr_gry_r[7]~FF|CLK
Path End      : gps_decoder_inst/u_GPS_FIFO/u_efx_fifo_top/xefx_fifo_ctl/genblk7.xrd2wr_addr_sync/pipe_reg[0][7]~FF|D
Launch Clock  : syspll_CLKOUT100 (RISE)
Capture Clock : syspll_CLKOUT25 (RISE)
Slack         : 0.411  (arrival time - required time)
Delay         : 0.330

Logic Level : 0
Non-global nets on path : 1
Global nets on path     : 0

Launch Clock Path Delay        :  2.155
+ Clock To Q + Data Path Delay :  0.471
--------------------------------------------
End-of-path arrival time       :  2.626

Constraint                     :  0.000
+ Capture Clock Path Delay     :  2.155
+ Clock Uncertainty            :  0.060
--------------------------------------------
End-of-path required time      :  2.215


Launch Clock Path
pin name                                                                                       model name    delay (ns)   cumulative delay (ns)    pins on net   location
==========================================================================================================================================================================
 syspll_CLKOUT100                                                                               inpad           0.000                  0.000           2          (0,241)
 syspll_CLKOUT100                                                                               inpad           0.100                  0.100           2          (0,241)
 syspll_CLKOUT100                                                                               io              0.000                  0.100           2          (0,241)
   Routing elements:  
     Manhattan distance of X:1, Y:0
 CLKBUF__1|IO_in                                                                                gbuf_block      0.160                  0.260           2          (1,241)
 CLKBUF__1|I                                                                                    gbuf            1.895                  2.155           2          (1,241)
 CLKBUF__1|O                                                                                    gbuf            0.000                  2.155        2194          (1,241)
 CLKBUF__1|clkout                                                                               gbuf_block      0.000                  2.155        2194          (1,241)
 gps_decoder_inst/u_GPS_FIFO/u_efx_fifo_top/xefx_fifo_ctl/genblk7.raddr_cntr_gry_r[7]~FF|CLK    ff              0.000                  2.155        2194          (92,253)

Data Path
pin name                                                                                                     model name    delay (ns)   cumulative delay (ns)    pins on net   location
========================================================================================================================================================================================
 gps_decoder_inst/u_GPS_FIFO/u_efx_fifo_top/xefx_fifo_ctl/genblk7.raddr_cntr_gry_r[7]~FF|Q                    ff               0.141                  0.141           2          (92,253)
 gps_decoder_inst/u_GPS_FIFO/u_efx_fifo_top/xefx_fifo_ctl/genblk7.raddr_cntr_gry_r[7]~FF|O_seq                eft              0.272                  0.413           2          (92,253)
   Routing elements:  
     Manhattan distance of X:16, Y:0
 gps_decoder_inst/u_GPS_FIFO/u_efx_fifo_top/xefx_fifo_ctl/genblk7.xrd2wr_addr_sync/pipe_reg[0][7]~FF|I[3]     eft              0.058                  0.471           2          (108,253)
 gps_decoder_inst/u_GPS_FIFO/u_efx_fifo_top/xefx_fifo_ctl/genblk7.xrd2wr_addr_sync/pipe_reg[0][7]~FF|in[3]    lut4             0.000                  0.471           2          (108,253)

Capture Clock Path
pin name                                                                                                   model name    delay (ns)   cumulative delay (ns)    pins on net   location
======================================================================================================================================================================================
 syspll_CLKOUT25                                                                                            inpad           0.000                  0.000           3          (0,239)
 syspll_CLKOUT25                                                                                            inpad           0.100                  0.100           3          (0,239)
 syspll_CLKOUT25                                                                                            io              0.000                  0.100           3          (0,239)
   Routing elements:  
     Manhattan distance of X:1, Y:0
 CLKBUF__0|IO_in                                                                                            gbuf_block      0.160                  0.260           3          (1,239)
 CLKBUF__0|I                                                                                                gbuf            1.895                  2.155           3          (1,239)
 CLKBUF__0|O                                                                                                gbuf            0.000                  2.155        1315          (1,239)
 CLKBUF__0|clkout                                                                                           gbuf_block      0.000                  2.155        1315          (1,239)
 gps_decoder_inst/u_GPS_FIFO/u_efx_fifo_top/xefx_fifo_ctl/genblk7.xrd2wr_addr_sync/pipe_reg[0][7]~FF|CLK    ff              0.000                  2.155        1315          (108,253)

######################################################################
Path Detail Report (syspll_CLKOUT25 vs syspll_CLKOUT100)
######################################################################


++++ Path 1 ++++++++++++++++++++++++++++++++++++++++++++++++++++++++++

Path Begin    : i2cSlave0_inst/u_registerInterface/gain_21[0]~FF|CLK
Path End      : data_process_inst/gain_21_t0[0]~FF|D
Launch Clock  : syspll_CLKOUT25 (RISE)
Capture Clock : syspll_CLKOUT100 (RISE)
Slack         : 0.307  (arrival time - required time)
Delay         : 0.226

Logic Level : 0
Non-global nets on path : 1
Global nets on path     : 0

Launch Clock Path Delay        :  2.155
+ Clock To Q + Data Path Delay :  0.367
--------------------------------------------
End-of-path arrival time       :  2.522

Constraint                     :  0.000
+ Capture Clock Path Delay     :  2.155
+ Clock Uncertainty            :  0.060
--------------------------------------------
End-of-path required time      :  2.215


Launch Clock Path
pin name                                                model name    delay (ns)   cumulative delay (ns)    pins on net   location
===================================================================================================================================
 syspll_CLKOUT25                                         inpad           0.000                  0.000           3          (0,239)
 syspll_CLKOUT25                                         inpad           0.100                  0.100           3          (0,239)
 syspll_CLKOUT25                                         io              0.000                  0.100           3          (0,239)
   Routing elements:  
     Manhattan distance of X:1, Y:0
 CLKBUF__0|IO_in                                         gbuf_block      0.160                  0.260           3          (1,239)
 CLKBUF__0|I                                             gbuf            1.895                  2.155           3          (1,239)
 CLKBUF__0|O                                             gbuf            0.000                  2.155        1315          (1,239)
 CLKBUF__0|clkout                                        gbuf_block      0.000                  2.155        1315          (1,239)
 i2cSlave0_inst/u_registerInterface/gain_21[0]~FF|CLK    ff              0.000                  2.155        1315          (70,305)

Data Path
pin name                                                  model name    delay (ns)   cumulative delay (ns)    pins on net   location
=====================================================================================================================================
 i2cSlave0_inst/u_registerInterface/gain_21[0]~FF|Q        ff               0.141                  0.141           2          (70,305)
 i2cSlave0_inst/u_registerInterface/gain_21[0]~FF|O_seq    eft              0.168                  0.309           2          (70,305)
   Routing elements:  
     Manhattan distance of X:0, Y:1
 data_process_inst/gain_21_t0[0]~FF|I[3]                   eft              0.058                  0.367           2          (70,304)
 data_process_inst/gain_21_t0[0]~FF|in[3]                  lut4             0.000                  0.367           2          (70,304)

Capture Clock Path
pin name                                  model name    delay (ns)   cumulative delay (ns)    pins on net   location
=====================================================================================================================
 syspll_CLKOUT100                          inpad           0.000                  0.000           2          (0,241)
 syspll_CLKOUT100                          inpad           0.100                  0.100           2          (0,241)
 syspll_CLKOUT100                          io              0.000                  0.100           2          (0,241)
   Routing elements:  
     Manhattan distance of X:1, Y:0
 CLKBUF__1|IO_in                           gbuf_block      0.160                  0.260           2          (1,241)
 CLKBUF__1|I                               gbuf            1.895                  2.155           2          (1,241)
 CLKBUF__1|O                               gbuf            0.000                  2.155        2194          (1,241)
 CLKBUF__1|clkout                          gbuf_block      0.000                  2.155        2194          (1,241)
 data_process_inst/gain_21_t0[0]~FF|CLK    ff              0.000                  2.155        2194          (70,304)

---------- Path Details for Min Critical Paths (end) ---------------
